Archive member included to satisfy reference by file (symbol)

app/libapp.a(main_remote.c.obj)
                              (--whole-archive)
app/libapp.a(pb_common.c.obj)
                              (--whole-archive)
app/libapp.a(pb_decode.c.obj)
                              (--whole-archive)
app/libapp.a(high_to_low.pb.c.obj)
                              (--whole-archive)
zephyr/libzephyr.a(heap.c.obj)
                              (--whole-archive)
zephyr/libzephyr.a(cbprintf_packaged.c.obj)
                              (--whole-archive)
zephyr/libzephyr.a(printk.c.obj)
                              (--whole-archive)
zephyr/libzephyr.a(sem.c.obj)
                              (--whole-archive)
zephyr/libzephyr.a(thread_entry.c.obj)
                              (--whole-archive)
zephyr/libzephyr.a(cbprintf_complete.c.obj)
                              (--whole-archive)
zephyr/libzephyr.a(assert.c.obj)
                              (--whole-archive)
zephyr/libzephyr.a(mpsc_pbuf.c.obj)
                              (--whole-archive)
zephyr/libzephyr.a(dec.c.obj)
                              (--whole-archive)
zephyr/libzephyr.a(hex.c.obj)
                              (--whole-archive)
zephyr/libzephyr.a(rb.c.obj)  (--whole-archive)
zephyr/libzephyr.a(timeutil.c.obj)
                              (--whole-archive)
zephyr/libzephyr.a(bitarray.c.obj)
                              (--whole-archive)
zephyr/libzephyr.a(resource_table.c.obj)
                              (--whole-archive)
zephyr/libzephyr.a(configs.c.obj)
                              (--whole-archive)
zephyr/libzephyr.a(soc.c.obj)
                              (--whole-archive)
zephyr/libzephyr.a(log_core.c.obj)
                              (--whole-archive)
zephyr/libzephyr.a(log_mgmt.c.obj)
                              (--whole-archive)
zephyr/libzephyr.a(log_cache.c.obj)
                              (--whole-archive)
zephyr/libzephyr.a(log_msg.c.obj)
                              (--whole-archive)
zephyr/libzephyr.a(log_output.c.obj)
                              (--whole-archive)
zephyr/libzephyr.a(log_backend_uart.c.obj)
                              (--whole-archive)
zephyr/libzephyr.a(tracing_none.c.obj)
                              (--whole-archive)
zephyr/libzephyr.a(mm_drv_ti_rat.c.obj)
                              (--whole-archive)
zephyr/arch/common/libarch__common.a(sw_isr_common.c.obj)
                              (--whole-archive)
zephyr/arch/common/libarch__common.a(dynamic_isr.c.obj)
                              (--whole-archive)
zephyr/arch/arch/arm/core/libarch__arm__core.a(fatal.c.obj)
                              (--whole-archive)
zephyr/arch/arch/arm/core/libarch__arm__core.a(nmi.c.obj)
                              (--whole-archive)
zephyr/arch/arch/arm/core/libarch__arm__core.a(nmi_on_reset.S.obj)
                              (--whole-archive)
zephyr/arch/arch/arm/core/libarch__arm__core.a(tls.c.obj)
                              (--whole-archive)
zephyr/arch/arch/arm/core/cortex_m/libarch__arm__core__cortex_m.a(exc_exit.c.obj)
                              (--whole-archive)
zephyr/arch/arch/arm/core/cortex_m/libarch__arm__core__cortex_m.a(fault.c.obj)
                              (--whole-archive)
zephyr/arch/arch/arm/core/cortex_m/libarch__arm__core__cortex_m.a(fault_s.S.obj)
                              (--whole-archive)
zephyr/arch/arch/arm/core/cortex_m/libarch__arm__core__cortex_m.a(fpu.c.obj)
                              (--whole-archive)
zephyr/arch/arch/arm/core/cortex_m/libarch__arm__core__cortex_m.a(reset.S.obj)
                              (--whole-archive)
zephyr/arch/arch/arm/core/cortex_m/libarch__arm__core__cortex_m.a(scb.c.obj)
                              (--whole-archive)
zephyr/arch/arch/arm/core/cortex_m/libarch__arm__core__cortex_m.a(thread_abort.c.obj)
                              (--whole-archive)
zephyr/arch/arch/arm/core/cortex_m/libarch__arm__core__cortex_m.a(vector_table.S.obj)
                              (--whole-archive)
zephyr/arch/arch/arm/core/cortex_m/libarch__arm__core__cortex_m.a(swap.c.obj)
                              (--whole-archive)
zephyr/arch/arch/arm/core/cortex_m/libarch__arm__core__cortex_m.a(swap_helper.S.obj)
                              (--whole-archive)
zephyr/arch/arch/arm/core/cortex_m/libarch__arm__core__cortex_m.a(irq_manage.c.obj)
                              (--whole-archive)
zephyr/arch/arch/arm/core/cortex_m/libarch__arm__core__cortex_m.a(prep_c.c.obj)
                              (--whole-archive)
zephyr/arch/arch/arm/core/cortex_m/libarch__arm__core__cortex_m.a(thread.c.obj)
                              (--whole-archive)
zephyr/arch/arch/arm/core/cortex_m/libarch__arm__core__cortex_m.a(cpu_idle.c.obj)
                              (--whole-archive)
zephyr/arch/arch/arm/core/cortex_m/libarch__arm__core__cortex_m.a(irq_init.c.obj)
                              (--whole-archive)
[...]
Memory Configuration

Name             Origin             Length             Attributes
FLASH            0x0000000000000000 0x0000000000000000 xr
RAM              0x0000000000000000 0x0000000000030000 xw
DDR              0x000000009cc00000 0x0000000000001000
IDT_LIST         0x00000000ffff7fff 0x0000000000008000 xw
*default*        0x0000000000000000 0xffffffffffffffff

Linker script and memory map

                0x0000000000005290                vfprintf = __d_vfprintf
                0x0000000000000000                vfscanf = __d_vfscanf
LOAD zephyr/CMakeFiles/zephyr_final.dir/misc/empty_file.c.obj
LOAD zephyr/CMakeFiles/zephyr_final.dir/isr_tables.c.obj
LOAD zephyr/CMakeFiles/offsets.dir/./arch/arm/core/offsets/offsets.c.obj
LOAD app/libapp.a
LOAD zephyr/libzephyr.a
LOAD zephyr/arch/common/libarch__common.a
LOAD zephyr/arch/arch/arm/core/libarch__arm__core.a
LOAD zephyr/arch/arch/arm/core/cortex_m/libarch__arm__core__cortex_m.a
LOAD zephyr/lib/libc/picolibc/liblib__libc__picolibc.a
LOAD zephyr/lib/libc/common/liblib__libc__common.a
LOAD zephyr/drivers/console/libdrivers__console.a
LOAD zephyr/drivers/gpio/libdrivers__gpio.a
LOAD zephyr/drivers/mbox/libdrivers__mbox.a
LOAD zephyr/drivers/mm/libdrivers__mm.a
LOAD zephyr/drivers/pinctrl/libdrivers__pinctrl.a
LOAD zephyr/drivers/serial/libdrivers__serial.a
LOAD zephyr/drivers/timer/libdrivers__timer.a
LOAD modules/libmetal/libmetal/lib/libmetal.a
LOAD modules/open-amp/open-amp/lib/libopen_amp.a
LOAD zephyr/kernel/libkernel.a
LOAD zephyr/arch/common/libisr_tables.a
LOAD /home/a-fleloir/zephyr-sdk-0.17.0/arm-zephyr-eabi/bin/../lib/gcc/../../picolibc/arm-zephyr-eabi/lib/thumb/v7e-m/nofp/libc.a
LOAD /home/a-fleloir/zephyr-sdk-0.17.0/arm-zephyr-eabi/bin/../lib/gcc/arm-zephyr-eabi/12.2.0/thumb/v7e-m/nofp/libgcc.a
                0x0000000000000004                _region_min_align = 0x4

.rel.plt        0x0000000000000000        0x0
 *(SORT_BY_ALIGNMENT(.rel.plt))
                [!provide]                        PROVIDE (__rel_iplt_start = .)
 *(SORT_BY_ALIGNMENT(.rel.iplt))
 .rel.iplt      0x0000000000000000        0x0 zephyr/CMakeFiles/zephyr_final.dir/isr_tables.c.obj
                [!provide]                        PROVIDE (__rel_iplt_end = .)

.rela.plt       0x0000000000000000        0x0
 *(SORT_BY_ALIGNMENT(.rela.plt))
                [!provide]                        PROVIDE (__rela_iplt_start = .)
 *(SORT_BY_ALIGNMENT(.rela.iplt))
                [!provide]                        PROVIDE (__rela_iplt_end = .)

.rel.dyn
 *(SORT_BY_ALIGNMENT(.rel.*))

.rela.dyn
 *(SORT_BY_ALIGNMENT(.rela.*))

/DISCARD/
 *(SORT_BY_ALIGNMENT(.plt))

/DISCARD/
 *(SORT_BY_ALIGNMENT(.iplt))
                0x0000000000000000                __rom_region_start = 0x0

rom_start       0x0000000000000000      0x140
                0x0000000000000000                __rom_start_address = .
 FILL mask 0x00
                0x0000000000000000                . = (. + (0x0 - (. - __rom_start_address)))
                0x0000000000000000                . = ALIGN (0x4)
                0x0000000000000000                . = ALIGN (0x80)
                0x0000000000000000                . = ALIGN (0x200)
                0x0000000000000000                _vector_start = .
 *(SORT_BY_ALIGNMENT(.exc_vector_table))
 *(SORT_BY_ALIGNMENT(.exc_vector_table.*))
 .exc_vector_table._vector_table_section
                0x0000000000000000       0x40 zephyr/arch/arch/arm/core/cortex_m/libarch__arm__core__cortex_m.a(vector_table.S.obj)
                0x0000000000000000                _vector_table
 *(SORT_BY_ALIGNMENT(.vectors))
                0x0000000000000140                _vector_end = .
                0x0000000000000040                . = ALIGN (0x4)
 *(SORT_BY_ALIGNMENT(.gnu.linkonce.irq_vector_table*))
 .gnu.linkonce.irq_vector_table
                0x0000000000000040      0x100 zephyr/CMakeFiles/zephyr_final.dir/isr_tables.c.obj
                0x0000000000000040                _irq_vector_table
                0x0000000000000140                _vector_end = .

text            0x0000000000000140     0x8974
                0x0000000000000140                __text_region_start = .
 *(SORT_BY_ALIGNMENT(.text))
 .text          0x0000000000000140      0x378 /home/a-fleloir/zephyr-sdk-0.17.0/arm-zephyr-eabi/bin/../lib/gcc/arm-zephyr-eabi/12.2.0/thumb/v7e-m/nofp/libgcc.a(_arm_addsubdf3.o)
                0x0000000000000140                __aeabi_drsub
                0x0000000000000148                __aeabi_dsub
                0x0000000000000148                __subdf3
                0x000000000000014c                __adddf3
                0x000000000000014c                __aeabi_dadd
                0x00000000000003c4                __aeabi_ui2d
                0x00000000000003c4                __floatunsidf
                0x00000000000003e4                __floatsidf
                0x00000000000003e4                __aeabi_i2d
                0x0000000000000408                __extendsfdf2
                0x0000000000000408                __aeabi_f2d
                0x000000000000044c                __aeabi_ul2d
                0x000000000000044c                __floatundidf
                0x000000000000045c                __floatdidf
                0x000000000000045c                __aeabi_l2d
 .text          0x00000000000004b8       0x30 /home/a-fleloir/zephyr-sdk-0.17.0/arm-zephyr-eabi/bin/../lib/gcc/arm-zephyr-eabi/12.2.0/thumb/v7e-m/nofp/libgcc.a(_aeabi_uldivmod.o)
                0x00000000000004b8                __aeabi_uldivmod
 .text          0x00000000000004e8        0x4 /home/a-fleloir/zephyr-sdk-0.17.0/arm-zephyr-eabi/bin/../lib/gcc/arm-zephyr-eabi/12.2.0/thumb/v7e-m/nofp/libgcc.a(_dvmd_tls.o)
                0x00000000000004e8                __aeabi_ldiv0
                0x00000000000004e8                __aeabi_idiv0
 .text          0x00000000000004ec       0x14 /home/a-fleloir/zephyr-sdk-0.17.0/arm-zephyr-eabi/bin/../lib/gcc/../../picolibc/arm-zephyr-eabi/lib/thumb/v7e-m/nofp/libc.a(strcmp.S.o)
                0x00000000000004ec                strcmp
 .text          0x0000000000000500       0x10 /home/a-fleloir/zephyr-sdk-0.17.0/arm-zephyr-eabi/bin/../lib/gcc/../../picolibc/arm-zephyr-eabi/lib/thumb/v7e-m/nofp/libc.a(strlen.S.o)
                0x0000000000000500                strlen
 .text          0x0000000000000510      0x2a0 /home/a-fleloir/zephyr-sdk-0.17.0/arm-zephyr-eabi/bin/../lib/gcc/arm-zephyr-eabi/12.2.0/thumb/v7e-m/nofp/libgcc.a(_udivmoddi4.o)
                0x0000000000000510                __udivmoddi4
 *(SORT_BY_ALIGNMENT(.text.*))
 .text.mbox_callback
                0x00000000000007b0       0x2c app/libapp.a(main_remote.c.obj)
 .text.rpmsg_recv_linuxmsg_callback
                0x00000000000007dc       0x20 app/libapp.a(main_remote.c.obj)
 .text.mailbox_notify
                0x00000000000007fc       0x58 app/libapp.a(main_remote.c.obj)
                0x00000000000007fc                mailbox_notify
 .text.new_service_cb
                0x0000000000000854       0x40 app/libapp.a(main_remote.c.obj)
 .text.handle_incoming_message
                0x0000000000000894       0xf4 app/libapp.a(main_remote.c.obj)
                0x0000000000000894                handle_incoming_message
 .text.app_rpmsg_linuxmsg
                0x0000000000000988      0x188 app/libapp.a(main_remote.c.obj)
                0x0000000000000988                app_rpmsg_linuxmsg
 .text.platform_init
                0x0000000000000b10      0x144 app/libapp.a(main_remote.c.obj)
                0x0000000000000b10                platform_init
 .text.platform_create_rpmsg_vdev
                0x0000000000000c54      0x12c app/libapp.a(main_remote.c.obj)
                0x0000000000000c54                platform_create_rpmsg_vdev
 .text.rpmsg_mng_task
                0x0000000000000d80       0xe0 app/libapp.a(main_remote.c.obj)
                0x0000000000000d80                rpmsg_mng_task
 .text.main     0x0000000000000e60       0xb4 app/libapp.a(main_remote.c.obj)
                0x0000000000000e60                main
 .text.pb_readbyte
                0x0000000000000f14       0x38 app/libapp.a(pb_decode.c.obj)
 .text.pb_decode_varint32_eof
                0x0000000000000f4c       0xb0 app/libapp.a(pb_decode.c.obj)
 .text.pb_read  0x0000000000000ffc       0x74 app/libapp.a(pb_decode.c.obj)
                0x0000000000000ffc                pb_read
 .text.pb_istream_from_buffer
                0x0000000000001070       0x14 app/libapp.a(pb_decode.c.obj)
                0x0000000000001070                pb_istream_from_buffer
 .text.pb_decode_varint
                0x0000000000001084       0x6c app/libapp.a(pb_decode.c.obj)
                0x0000000000001084                pb_decode_varint
 .text.pb_skip_field
                0x00000000000010f0       0x60 app/libapp.a(pb_decode.c.obj)
                0x00000000000010f0                pb_skip_field
 .text.pb_make_string_substream
                0x0000000000001150       0x40 app/libapp.a(pb_decode.c.obj)
                0x0000000000001150                pb_make_string_substream
 .text.decode_basic_field
                0x0000000000001190      0x2d0 app/libapp.a(pb_decode.c.obj)
 .text.decode_field
                0x0000000000001460      0x20c app/libapp.a(pb_decode.c.obj)
 .text.pb_message_set_to_defaults
                0x000000000000166c      0x120 app/libapp.a(pb_decode.c.obj)
 .text.pb_decode_inner
                0x000000000000178c      0x22c app/libapp.a(pb_decode.c.obj)
 .text.cbvprintf_package
                0x00000000000019b8      0x3a4 zephyr/libzephyr.a(cbprintf_packaged.c.obj)
                0x00000000000019b8                cbvprintf_package
 .text.cbprintf_package_convert
                0x0000000000001d5c      0x3cc zephyr/libzephyr.a(cbprintf_packaged.c.obj)
                0x0000000000001d5c                cbprintf_package_convert
 .text.__printk_hook_install
                0x0000000000002128        0xc zephyr/libzephyr.a(printk.c.obj)
                0x0000000000002128                __printk_hook_install
 .text.z_thread_entry
                0x0000000000002134       0x34 zephyr/libzephyr.a(thread_entry.c.obj)
                0x0000000000002134                z_thread_entry
 .text.rsc_table_get
                0x0000000000002168       0x10 zephyr/libzephyr.a(resource_table.c.obj)
                0x0000000000002168                rsc_table_get
 .text.soc_early_init_hook
                0x0000000000002178       0x3c zephyr/libzephyr.a(soc.c.obj)
                0x0000000000002178                soc_early_init_hook
 .text.activate_foreach_backend
                0x00000000000021b4       0x64 zephyr/libzephyr.a(log_core.c.obj)
 .text.enable_logger
                0x0000000000002218       0x5c zephyr/libzephyr.a(log_core.c.obj)
 .text.log_process_thread_timer_expiry_fn
                0x0000000000002274        0xc zephyr/libzephyr.a(log_core.c.obj)
 .text.z_log_init
                0x0000000000002280       0x8c zephyr/libzephyr.a(log_core.c.obj)
 .text.log_format_func_t_get
                0x000000000000230c        0xc zephyr/libzephyr.a(log_core.c.obj)
                0x000000000000230c                log_format_func_t_get
 .text.log_set_timestamp_func
                0x0000000000002318       0x20 zephyr/libzephyr.a(log_core.c.obj)
                0x0000000000002318                log_set_timestamp_func
 .text.z_log_notify_backend_enabled
                0x0000000000002338       0x1c zephyr/libzephyr.a(log_core.c.obj)
                0x0000000000002338                z_log_notify_backend_enabled
 .text.z_log_dropped
                0x0000000000002354       0x44 zephyr/libzephyr.a(log_core.c.obj)
                0x0000000000002354                z_log_dropped
 .text.z_log_dropped_read_and_clear
                0x0000000000002398       0x20 zephyr/libzephyr.a(log_core.c.obj)
                0x0000000000002398                z_log_dropped_read_and_clear
 .text.dropped_notify
                0x00000000000023b8       0x30 zephyr/libzephyr.a(log_core.c.obj)
                0x00000000000023b8                dropped_notify
 .text.z_log_msg_init
                0x00000000000023e8       0x20 zephyr/libzephyr.a(log_core.c.obj)
                0x00000000000023e8                z_log_msg_init
 .text.log_core_init
                0x0000000000002408       0x34 zephyr/libzephyr.a(log_core.c.obj)
                0x0000000000002408                log_core_init
 .text.z_log_msg_alloc
                0x000000000000243c       0x10 zephyr/libzephyr.a(log_core.c.obj)
                0x000000000000243c                z_log_msg_alloc
 .text.z_log_msg_local_claim
                0x000000000000244c        0xc zephyr/libzephyr.a(log_core.c.obj)
                0x000000000000244c                z_log_msg_local_claim
 .text.z_log_msg_free
                0x0000000000002458       0x10 zephyr/libzephyr.a(log_core.c.obj)
                0x0000000000002458                z_log_msg_free
 .text.z_log_msg_pending
                0x0000000000002468        0xc zephyr/libzephyr.a(log_core.c.obj)
                0x0000000000002468                z_log_msg_pending
 .text.z_impl_log_process
                0x0000000000002474       0xb0 zephyr/libzephyr.a(log_core.c.obj)
                0x0000000000002474                z_impl_log_process
 .text.z_impl_log_panic
                0x0000000000002524       0x44 zephyr/libzephyr.a(log_core.c.obj)
                0x0000000000002524                z_impl_log_panic
 .text.log_process_thread_func
                0x0000000000002568       0xa4 zephyr/libzephyr.a(log_core.c.obj)
 .text.z_log_msg_post_finalize
                0x000000000000260c       0x78 zephyr/libzephyr.a(log_core.c.obj)
 .text.z_log_msg_commit
                0x0000000000002684       0x24 zephyr/libzephyr.a(log_core.c.obj)
                0x0000000000002684                z_log_msg_commit
 .text.log_source_name_get
                0x00000000000026a8       0x1c zephyr/libzephyr.a(log_mgmt.c.obj)
                0x00000000000026a8                log_source_name_get
 .text.log_backend_enable
                0x00000000000026c4       0x28 zephyr/libzephyr.a(log_mgmt.c.obj)
                0x00000000000026c4                log_backend_enable
 .text.z_impl_z_log_msg_static_create
                0x00000000000026ec      0x108 zephyr/libzephyr.a(log_msg.c.obj)
                0x00000000000026ec                z_impl_z_log_msg_static_create
 .text.z_log_msg_runtime_vcreate
                0x00000000000027f4       0xa0 zephyr/libzephyr.a(log_msg.c.obj)
                0x00000000000027f4                z_log_msg_runtime_vcreate
 .text.log_msg_get_source_id
                0x0000000000002894       0x18 zephyr/libzephyr.a(log_msg.c.obj)
                0x0000000000002894                log_msg_get_source_id
 .text.print_formatted
                0x00000000000028ac       0x24 zephyr/libzephyr.a(log_output.c.obj)
 .text.newline_print
                0x00000000000028d0       0x1c zephyr/libzephyr.a(log_output.c.obj)
 .text.log_output_process
                0x00000000000028ec      0x2d4 zephyr/libzephyr.a(log_output.c.obj)
                0x00000000000028ec                log_output_process
 .text.log_output_dropped_process
                0x0000000000002bc0       0x58 zephyr/libzephyr.a(log_output.c.obj)
                0x0000000000002bc0                log_output_dropped_process
 .text.log_output_timestamp_freq_set
                0x0000000000002c18       0x2c zephyr/libzephyr.a(log_output.c.obj)
                0x0000000000002c18                log_output_timestamp_freq_set
 .text.char_out
                0x0000000000002c44       0x24 zephyr/libzephyr.a(log_backend_uart.c.obj)
 .text.sys_mm_drv_ti_rat_init
                0x0000000000002c68       0x60 zephyr/libzephyr.a(mm_drv_ti_rat.c.obj)
                0x0000000000002c68                sys_mm_drv_ti_rat_init
 .text.sys_mm_drv_page_phys_get
                0x0000000000002cc8       0x6c zephyr/libzephyr.a(mm_drv_ti_rat.c.obj)
                0x0000000000002cc8                sys_mm_drv_page_phys_get
 .text.z_arm_fatal_error
                0x0000000000002d34       0xb8 zephyr/arch/arch/arm/core/libarch__arm__core.a(fatal.c.obj)
                0x0000000000002d34                z_arm_fatal_error
 .text.z_SysNmiOnReset
                0x0000000000002dec        0x8 zephyr/arch/arch/arm/core/libarch__arm__core.a(nmi_on_reset.S.obj)
                0x0000000000002dec                z_SysNmiOnReset
 .text.arch_tls_stack_setup
                0x0000000000002df4       0x40 zephyr/arch/arch/arm/core/libarch__arm__core.a(tls.c.obj)
                0x0000000000002df4                arch_tls_stack_setup
 .text._HandlerModeExit
                0x0000000000002e34       0x28 zephyr/arch/arch/arm/core/cortex_m/libarch__arm__core__cortex_m.a(exc_exit.c.obj)
                0x0000000000002e34                z_arm_exc_exit
                0x0000000000002e34                z_arm_int_exit
 .text.mem_manage_fault.constprop.0
                0x0000000000002e5c       0xac zephyr/arch/arch/arm/core/cortex_m/libarch__arm__core__cortex_m.a(fault.c.obj)
 .text.usage_fault.constprop.0
                0x0000000000002f08       0xa8 zephyr/arch/arch/arm/core/cortex_m/libarch__arm__core__cortex_m.a(fault.c.obj)
 .text.bus_fault.constprop.0
                0x0000000000002fb0       0xb8 zephyr/arch/arch/arm/core/cortex_m/libarch__arm__core__cortex_m.a(fault.c.obj)
 .text.z_arm_fault
                0x0000000000003068      0x1d0 zephyr/arch/arch/arm/core/cortex_m/libarch__arm__core__cortex_m.a(fault.c.obj)
                0x0000000000003068                z_arm_fault
 .text.z_arm_fault_init
                0x0000000000003238       0x18 zephyr/arch/arch/arm/core/cortex_m/libarch__arm__core__cortex_m.a(fault.c.obj)
                0x0000000000003238                z_arm_fault_init
 .text.__fault  0x0000000000003250       0x14 zephyr/arch/arch/arm/core/cortex_m/libarch__arm__core__cortex_m.a(fault_s.S.obj)
                0x0000000000003250                z_arm_bus_fault
                0x0000000000003250                z_arm_usage_fault
                0x0000000000003250                z_arm_mpu_fault
                0x0000000000003250                z_arm_exc_spurious
                0x0000000000003250                z_arm_debug_monitor
                0x0000000000003250                z_arm_hard_fault
 .text._reset_section
                0x0000000000003264       0x2c zephyr/arch/arch/arm/core/cortex_m/libarch__arm__core__cortex_m.a(reset.S.obj)
                0x0000000000003264                z_arm_reset
                0x0000000000003264                __start
 .text.z_impl_k_thread_abort
                0x0000000000003290       0x2c zephyr/arch/arch/arm/core/cortex_m/libarch__arm__core__cortex_m.a(thread_abort.c.obj)
                0x0000000000003290                z_impl_k_thread_abort
 .text.arch_swap
                0x00000000000032bc       0x30 zephyr/arch/arch/arm/core/cortex_m/libarch__arm__core__cortex_m.a(swap.c.obj)
                0x00000000000032bc                arch_swap
 .text.z_arm_pendsv
                0x00000000000032ec       0x58 zephyr/arch/arch/arm/core/cortex_m/libarch__arm__core__cortex_m.a(swap_helper.S.obj)
                0x00000000000032ec                z_arm_pendsv
 .text.z_arm_svc
                0x0000000000003344       0x24 zephyr/arch/arch/arm/core/cortex_m/libarch__arm__core__cortex_m.a(swap_helper.S.obj)
                0x0000000000003344                z_arm_svc
 .text.__NVIC_SetPriority
                0x0000000000003368       0x28 zephyr/arch/arch/arm/core/cortex_m/libarch__arm__core__cortex_m.a(irq_manage.c.obj)
 .text.arch_irq_enable
                0x0000000000003390       0x1c zephyr/arch/arch/arm/core/cortex_m/libarch__arm__core__cortex_m.a(irq_manage.c.obj)
                0x0000000000003390                arch_irq_enable
 .text.arch_irq_disable
                0x00000000000033ac       0x28 zephyr/arch/arch/arm/core/cortex_m/libarch__arm__core__cortex_m.a(irq_manage.c.obj)
                0x00000000000033ac                arch_irq_disable
 .text.z_prep_c
                0x00000000000033d4       0x28 zephyr/arch/arch/arm/core/cortex_m/libarch__arm__core__cortex_m.a(prep_c.c.obj)
                0x00000000000033d4                z_prep_c
 .text.arch_new_thread
                0x00000000000033fc       0x38 zephyr/arch/arch/arm/core/cortex_m/libarch__arm__core__cortex_m.a(thread.c.obj)
                0x00000000000033fc                arch_new_thread
 .text.arch_switch_to_main_thread
                0x0000000000003434       0x40 zephyr/arch/arch/arm/core/cortex_m/libarch__arm__core__cortex_m.a(thread.c.obj)
                0x0000000000003434                arch_switch_to_main_thread
 .text.z_arm_cpu_idle_init
                0x0000000000003474        0xc zephyr/arch/arch/arm/core/cortex_m/libarch__arm__core__cortex_m.a(cpu_idle.c.obj)
                0x0000000000003474                z_arm_cpu_idle_init
 .text.z_arm_interrupt_init
                0x0000000000003480       0x18 zephyr/arch/arch/arm/core/cortex_m/libarch__arm__core__cortex_m.a(irq_init.c.obj)
                0x0000000000003480                z_arm_interrupt_init
 .text._isr_wrapper
                0x0000000000003498       0x24 zephyr/arch/arch/arm/core/cortex_m/libarch__arm__core__cortex_m.a(isr_wrapper.c.obj)
                0x0000000000003498                _isr_wrapper
 .text.cbvprintf
                0x00000000000034bc       0x38 zephyr/lib/libc/picolibc/liblib__libc__picolibc.a(cbprintf.c.obj)
                0x00000000000034bc                cbvprintf
 .text.z_impl_zephyr_fputc
                0x00000000000034f4       0x10 zephyr/lib/libc/picolibc/liblib__libc__picolibc.a(stdio.c.obj)
                0x00000000000034f4                z_impl_zephyr_fputc
 .text.__stdout_hook_install
                0x0000000000003504       0x18 zephyr/lib/libc/picolibc/liblib__libc__picolibc.a(stdio.c.obj)
                0x0000000000003504                __stdout_hook_install
 .text.malloc_prepare
                0x000000000000351c       0x20 zephyr/lib/libc/common/liblib__libc__common.a(malloc.c.obj)
 .text.uart_console_init
                0x000000000000353c       0x28 zephyr/drivers/console/libdrivers__console.a(uart_console.c.obj)
 .text.console_out
                0x0000000000003564       0x28 zephyr/drivers/console/libdrivers__console.a(uart_console.c.obj)
 .text.gpio_davinci_init
                0x000000000000358c       0x58 zephyr/drivers/gpio/libdrivers__gpio.a(gpio_davinci.c.obj)
 .text.pinctrl_configure_pins
                0x00000000000035e4       0x28 zephyr/drivers/pinctrl/libdrivers__pinctrl.a(pinctrl_ti_k3.c.obj)
                0x00000000000035e4                pinctrl_configure_pins
 .text.elapsed  0x000000000000360c       0x4c zephyr/drivers/timer/libdrivers__timer.a(cortex_m_systick.c.obj)
 .text.sys_clock_driver_init
                0x0000000000003658       0x38 zephyr/drivers/timer/libdrivers__timer.a(cortex_m_systick.c.obj)
 .text.sys_clock_isr
                0x0000000000003690       0x60 zephyr/drivers/timer/libdrivers__timer.a(cortex_m_systick.c.obj)
                0x0000000000003690                sys_clock_isr
 .text.sys_clock_set_timeout
                0x00000000000036f0       0xf8 zephyr/drivers/timer/libdrivers__timer.a(cortex_m_systick.c.obj)
                0x00000000000036f0                sys_clock_set_timeout
 .text.sys_clock_elapsed
                0x00000000000037e8       0x3c zephyr/drivers/timer/libdrivers__timer.a(cortex_m_systick.c.obj)
                0x00000000000037e8                sys_clock_elapsed
 .text.metal_generic_dev_open
                0x0000000000003824       0x40 modules/libmetal/libmetal/lib/libmetal.a(device.c.obj)
                0x0000000000003824                metal_generic_dev_open
 .text.metal_bus_unregister
                0x0000000000003864       0x3c modules/libmetal/libmetal/lib/libmetal.a(device.c.obj)
                0x0000000000003864                metal_bus_unregister
 .text.metal_bus_find
                0x00000000000038a0       0x3c modules/libmetal/libmetal/lib/libmetal.a(device.c.obj)
                0x00000000000038a0                metal_bus_find
 .text.metal_bus_register
                0x00000000000038dc       0x5c modules/libmetal/libmetal/lib/libmetal.a(device.c.obj)
                0x00000000000038dc                metal_bus_register
 .text.metal_init
                0x0000000000003938       0x4c modules/libmetal/libmetal/lib/libmetal.a(init.c.obj)
                0x0000000000003938                metal_init
 .text.metal_finish
                0x0000000000003984       0x24 modules/libmetal/libmetal/lib/libmetal.a(init.c.obj)
                0x0000000000003984                metal_finish
 .text.metal_sys_init
                0x00000000000039a8       0x10 modules/libmetal/libmetal/lib/libmetal.a(init.c.obj)
                0x00000000000039a8                metal_sys_init
 .text.metal_sys_finish
                0x00000000000039b8        0xc modules/libmetal/libmetal/lib/libmetal.a(init.c.obj)
                0x00000000000039b8                metal_sys_finish
 .text.metal_zephyr_log_handler
                0x00000000000039c4       0x3c modules/libmetal/libmetal/lib/libmetal.a(log.c.obj)
                0x00000000000039c4                metal_zephyr_log_handler
 .text.virtio_create_virtqueues
                0x0000000000003a00       0x78 modules/open-amp/open-amp/lib/libopen_amp.a(virtio.c.obj)
                0x0000000000003a00                virtio_create_virtqueues
 .text.virtqueue_free
                0x0000000000003a78       0x38 modules/open-amp/open-amp/lib/libopen_amp.a(virtqueue.c.obj)
                0x0000000000003a78                virtqueue_free
 .text.virtqueue_add_consumed_buffer
                0x0000000000003ab0       0x38 modules/open-amp/open-amp/lib/libopen_amp.a(virtqueue.c.obj)
                0x0000000000003ab0                virtqueue_add_consumed_buffer
 .text.rpmsg_send_offchannel_raw
                0x0000000000003ae8       0x2c modules/open-amp/open-amp/lib/libopen_amp.a(rpmsg.c.obj)
                0x0000000000003ae8                rpmsg_send_offchannel_raw
 .text.rpmsg_register_endpoint
                0x0000000000003b14       0x48 modules/open-amp/open-amp/lib/libopen_amp.a(rpmsg.c.obj)
                0x0000000000003b14                rpmsg_register_endpoint
 .text.rpmsg_create_ept
                0x0000000000003b5c      0x114 modules/open-amp/open-amp/lib/libopen_amp.a(rpmsg.c.obj)
                0x0000000000003b5c                rpmsg_create_ept
 .text.rpmsg_virtio_buf_held_dec_test
                0x0000000000003c70       0x38 modules/open-amp/open-amp/lib/libopen_amp.a(rpmsg_virtio.c.obj)
 .text.rpmsg_virtio_get_tx_buffer_size
                0x0000000000003ca8       0x44 modules/open-amp/open-amp/lib/libopen_amp.a(rpmsg_virtio.c.obj)
                0x0000000000003ca8                rpmsg_virtio_get_tx_buffer_size
 .text.rpmsg_virtio_get_rx_buffer_size
                0x0000000000003cec       0x44 modules/open-amp/open-amp/lib/libopen_amp.a(rpmsg_virtio.c.obj)
                0x0000000000003cec                rpmsg_virtio_get_rx_buffer_size
 .text.rpmsg_virtio_send_offchannel_raw
                0x0000000000003d30       0x5c modules/open-amp/open-amp/lib/libopen_amp.a(rpmsg_virtio.c.obj)
 .text.rpmsg_init_vdev_with_config
                0x0000000000003d8c      0x1a4 modules/open-amp/open-amp/lib/libopen_amp.a(rpmsg_virtio.c.obj)
                0x0000000000003d8c                rpmsg_init_vdev_with_config
 .text.rproc_virtio_create_virtqueues
                0x0000000000003f30       0xb0 modules/open-amp/open-amp/lib/libopen_amp.a(remoteproc_virtio.c.obj)
 .text.rproc_virtio_create_vdev
                0x0000000000003fe0       0x80 modules/open-amp/open-amp/lib/libopen_amp.a(remoteproc_virtio.c.obj)
                0x0000000000003fe0                rproc_virtio_create_vdev
 .text.k_sys_fatal_error_handler
                0x0000000000004060       0x20 zephyr/kernel/libkernel.a(fatal.c.obj)
                0x0000000000004060                k_sys_fatal_error_handler
 .text.z_fatal_error
                0x0000000000004080       0xe8 zephyr/kernel/libkernel.a(fatal.c.obj)
                0x0000000000004080                z_fatal_error
 .text.z_sys_init_run_level
                0x0000000000004168       0x2c zephyr/kernel/libkernel.a(init.c.obj)
 .text.bg_thread_main
                0x0000000000004194       0xc4 zephyr/kernel/libkernel.a(init.c.obj)
 .text.z_bss_zero
                0x0000000000004258       0x18 zephyr/kernel/libkernel.a(init.c.obj)
                0x0000000000004258                z_bss_zero
 .text.z_init_cpu
                0x0000000000004270       0x68 zephyr/kernel/libkernel.a(init.c.obj)
                0x0000000000004270                z_init_cpu
 .text.z_cstart
                0x00000000000042d8       0xd8 zephyr/kernel/libkernel.a(init.c.obj)
                0x00000000000042d8                z_cstart
 .text.z_impl_k_sem_give
                0x00000000000043b0       0x68 zephyr/kernel/libkernel.a(sem.c.obj)
                0x00000000000043b0                z_impl_k_sem_give
 .text.z_impl_k_sem_take
                0x0000000000004418       0x4c zephyr/kernel/libkernel.a(sem.c.obj)
                0x0000000000004418                z_impl_k_sem_take
 .text.z_setup_new_thread
                0x0000000000004464       0xb4 zephyr/kernel/libkernel.a(thread.c.obj)
                0x0000000000004464                z_setup_new_thread
 .text.z_impl_k_thread_create
                0x0000000000004518       0x58 zephyr/kernel/libkernel.a(thread.c.obj)
                0x0000000000004518                z_impl_k_thread_create
 .text.unready_thread
                0x0000000000004570       0x54 zephyr/kernel/libkernel.a(sched.c.obj)
 .text.ready_thread
                0x00000000000045c4       0x90 zephyr/kernel/libkernel.a(sched.c.obj)
 .text.z_thread_halt
                0x0000000000004654      0x10c zephyr/kernel/libkernel.a(sched.c.obj)
 .text.move_thread_to_end_of_prio_q
                0x0000000000004760       0x94 zephyr/kernel/libkernel.a(sched.c.obj)
                0x0000000000004760                move_thread_to_end_of_prio_q
 .text.z_impl_k_thread_suspend
                0x00000000000047f4       0x8c zephyr/kernel/libkernel.a(sched.c.obj)
                0x00000000000047f4                z_impl_k_thread_suspend
 .text.z_pend_curr
                0x0000000000004880       0x58 zephyr/kernel/libkernel.a(sched.c.obj)
                0x0000000000004880                z_pend_curr
 .text.z_reschedule
                0x00000000000048d8       0x24 zephyr/kernel/libkernel.a(sched.c.obj)
                0x00000000000048d8                z_reschedule
 .text.z_impl_k_thread_resume
                0x00000000000048fc       0x3c zephyr/kernel/libkernel.a(sched.c.obj)
                0x00000000000048fc                z_impl_k_thread_resume
 .text.z_reschedule_irqlock
                0x0000000000004938       0x28 zephyr/kernel/libkernel.a(sched.c.obj)
                0x0000000000004938                z_reschedule_irqlock
 .text.k_sched_lock
                0x0000000000004960       0x28 zephyr/kernel/libkernel.a(sched.c.obj)
                0x0000000000004960                k_sched_lock
 .text.k_sched_unlock
                0x0000000000004988       0xa4 zephyr/kernel/libkernel.a(sched.c.obj)
                0x0000000000004988                k_sched_unlock
 .text.z_sched_init
                0x0000000000004a2c       0x10 zephyr/kernel/libkernel.a(sched.c.obj)
                0x0000000000004a2c                z_sched_init
 .text.z_impl_k_yield
                0x0000000000004a3c       0x8c zephyr/kernel/libkernel.a(sched.c.obj)
                0x0000000000004a3c                z_impl_k_yield
 .text.z_tick_sleep
                0x0000000000004ac8       0xc0 zephyr/kernel/libkernel.a(sched.c.obj)
 .text.z_impl_k_sleep
                0x0000000000004b88       0x3c zephyr/kernel/libkernel.a(sched.c.obj)
                0x0000000000004b88                z_impl_k_sleep
 .text.z_impl_k_sched_current_thread_query
                0x0000000000004bc4        0xc zephyr/kernel/libkernel.a(sched.c.obj)
                0x0000000000004bc4                z_impl_k_sched_current_thread_query
 .text.slice_timeout
                0x0000000000004bd0       0x20 zephyr/kernel/libkernel.a(timeslicing.c.obj)
 .text.thread_is_sliceable
                0x0000000000004bf0       0x40 zephyr/kernel/libkernel.a(timeslicing.c.obj)
                0x0000000000004bf0                thread_is_sliceable
 .text.z_reset_time_slice
                0x0000000000004c30       0x50 zephyr/kernel/libkernel.a(timeslicing.c.obj)
                0x0000000000004c30                z_reset_time_slice
 .text.z_time_slice
                0x0000000000004c80       0x60 zephyr/kernel/libkernel.a(timeslicing.c.obj)
                0x0000000000004c80                z_time_slice
 .text.elapsed  0x0000000000004ce0       0x14 zephyr/kernel/libkernel.a(timeout.c.obj)
 .text.remove_timeout
                0x0000000000004cf4       0x38 zephyr/kernel/libkernel.a(timeout.c.obj)
 .text.next_timeout
                0x0000000000004d2c       0x40 zephyr/kernel/libkernel.a(timeout.c.obj)
 .text.z_add_timeout
                0x0000000000004d6c       0xf4 zephyr/kernel/libkernel.a(timeout.c.obj)
                0x0000000000004d6c                z_add_timeout
 .text.sys_clock_announce
                0x0000000000004e60       0xd0 zephyr/kernel/libkernel.a(timeout.c.obj)
                0x0000000000004e60                sys_clock_announce
 .text.sys_clock_tick_get
                0x0000000000004f30       0x30 zephyr/kernel/libkernel.a(timeout.c.obj)
                0x0000000000004f30                sys_clock_tick_get
 .text.z_timer_expiration_handler
                0x0000000000004f60       0xe0 zephyr/kernel/libkernel.a(timer.c.obj)
                0x0000000000004f60                z_timer_expiration_handler
 .text.z_impl_k_timer_start
                0x0000000000005040       0x74 zephyr/kernel/libkernel.a(timer.c.obj)
                0x0000000000005040                z_impl_k_timer_start
 .text.k_aligned_alloc
                0x00000000000050b4       0x10 zephyr/kernel/libkernel.a(mempool.c.obj)
                0x00000000000050b4                k_aligned_alloc
 .text.k_thread_system_pool_assign
                0x00000000000050c4        0xc zephyr/kernel/libkernel.a(mempool.c.obj)
                0x00000000000050c4                k_thread_system_pool_assign
 .text.boot_banner
                0x00000000000050d0        0xc zephyr/kernel/libkernel.a(banner.c.obj)
                0x00000000000050d0                boot_banner
 .text.statics_init
                0x00000000000050dc       0x24 zephyr/kernel/libkernel.a(kheap.c.obj)
 .text.snprintf
                0x0000000000005100       0x58 /home/a-fleloir/zephyr-sdk-0.17.0/arm-zephyr-eabi/bin/../lib/gcc/../../picolibc/arm-zephyr-eabi/lib/thumb/v7e-m/nofp/libc.a(libc_tinystdio_snprintf.c.o)
                0x0000000000005100                snprintf
 .text.skip_to_arg
                0x0000000000005158      0x138 /home/a-fleloir/zephyr-sdk-0.17.0/arm-zephyr-eabi/bin/../lib/gcc/../../picolibc/arm-zephyr-eabi/lib/thumb/v7e-m/nofp/libc.a(libc_tinystdio_vfprintf.c.o)
 .text.vfprintf
                0x0000000000005290      0x9c4 /home/a-fleloir/zephyr-sdk-0.17.0/arm-zephyr-eabi/bin/../lib/gcc/../../picolibc/arm-zephyr-eabi/lib/thumb/v7e-m/nofp/libc.a(libc_tinystdio_vfprintf.c.o)
                0x0000000000005290                __d_vfprintf
 .text.div10    0x0000000000005c54       0x28 /home/a-fleloir/zephyr-sdk-0.17.0/arm-zephyr-eabi/bin/../lib/gcc/../../picolibc/arm-zephyr-eabi/lib/thumb/v7e-m/nofp/libc.a(libc_tinystdio_dtoa_ryu.c.o)
 .text.__dtoa_engine
                0x0000000000005c7c      0x49c /home/a-fleloir/zephyr-sdk-0.17.0/arm-zephyr-eabi/bin/../lib/gcc/../../picolibc/arm-zephyr-eabi/lib/thumb/v7e-m/nofp/libc.a(libc_tinystdio_dtoa_ryu.c.o)
                0x0000000000005c7c                __dtoa_engine
 .text.__log10Pow2
                0x0000000000006118        0xc /home/a-fleloir/zephyr-sdk-0.17.0/arm-zephyr-eabi/bin/../lib/gcc/../../picolibc/arm-zephyr-eabi/lib/thumb/v7e-m/nofp/libc.a(libc_tinystdio_ryu_log10.c.o)
                0x0000000000006118                __log10Pow2
 .text.__log10Pow5
                0x0000000000006124        0xc /home/a-fleloir/zephyr-sdk-0.17.0/arm-zephyr-eabi/bin/../lib/gcc/../../picolibc/arm-zephyr-eabi/lib/thumb/v7e-m/nofp/libc.a(libc_tinystdio_ryu_log10.c.o)
                0x0000000000006124                __log10Pow5
 .text.__pow5bits
                0x0000000000006130       0x10 /home/a-fleloir/zephyr-sdk-0.17.0/arm-zephyr-eabi/bin/../lib/gcc/../../picolibc/arm-zephyr-eabi/lib/thumb/v7e-m/nofp/libc.a(libc_tinystdio_ryu_pow5bits.c.o)
                0x0000000000006130                __pow5bits
 .text.__pow5Factor
                0x0000000000006140       0x30 /home/a-fleloir/zephyr-sdk-0.17.0/arm-zephyr-eabi/bin/../lib/gcc/../../picolibc/arm-zephyr-eabi/lib/thumb/v7e-m/nofp/libc.a(libc_tinystdio_ryu_table.c.o)
                0x0000000000006140                __pow5Factor
 .text.__double_computePow5
                0x0000000000006170       0xe8 /home/a-fleloir/zephyr-sdk-0.17.0/arm-zephyr-eabi/bin/../lib/gcc/../../picolibc/arm-zephyr-eabi/lib/thumb/v7e-m/nofp/libc.a(libc_tinystdio_ryu_table.c.o)
                0x0000000000006170                __double_computePow5
 .text.__double_computeInvPow5
                0x0000000000006258       0xf8 /home/a-fleloir/zephyr-sdk-0.17.0/arm-zephyr-eabi/bin/../lib/gcc/../../picolibc/arm-zephyr-eabi/lib/thumb/v7e-m/nofp/libc.a(libc_tinystdio_ryu_table.c.o)
                0x0000000000006258                __double_computeInvPow5
 .text._OffsetAbsSyms
                0x0000000000006350        0x2 zephyr/CMakeFiles/offsets.dir/./arch/arm/core/offsets/offsets.c.obj
                0x0000000000006350                _OffsetAbsSyms
 .text.z_log_msg_simple_create_0
                0x0000000000006352        0x4 app/libapp.a(main_remote.c.obj)
 .text.k_sem_give
                0x0000000000006356        0x4 app/libapp.a(main_remote.c.obj)
 .text.k_sem_take
                0x000000000000635a        0x4 app/libapp.a(main_remote.c.obj)
 .text.load_descriptor_values
                0x000000000000635e       0xf4 app/libapp.a(pb_common.c.obj)
 .text.advance_iterator
                0x0000000000006452       0x50 app/libapp.a(pb_common.c.obj)
 .text.pb_field_iter_begin
                0x00000000000064a2       0x20 app/libapp.a(pb_common.c.obj)
                0x00000000000064a2                pb_field_iter_begin
 .text.pb_field_iter_begin_extension
                0x00000000000064c2       0x26 app/libapp.a(pb_common.c.obj)
                0x00000000000064c2                pb_field_iter_begin_extension
 .text.pb_field_iter_next
                0x00000000000064e8       0x16 app/libapp.a(pb_common.c.obj)
                0x00000000000064e8                pb_field_iter_next
 .text.pb_field_iter_find
                0x00000000000064fe       0x62 app/libapp.a(pb_common.c.obj)
                0x00000000000064fe                pb_field_iter_find
 .text.pb_field_iter_find_extension
                0x0000000000006560       0x42 app/libapp.a(pb_common.c.obj)
                0x0000000000006560                pb_field_iter_find_extension
 .text.buf_read
                0x00000000000065a2       0x1e app/libapp.a(pb_decode.c.obj)
 .text.pb_decode_varint32
                0x00000000000065c0        0x6 app/libapp.a(pb_decode.c.obj)
                0x00000000000065c0                pb_decode_varint32
 .text.pb_decode_tag
                0x00000000000065c6       0x28 app/libapp.a(pb_decode.c.obj)
                0x00000000000065c6                pb_decode_tag
 .text.pb_close_string_substream
                0x00000000000065ee       0x24 app/libapp.a(pb_decode.c.obj)
                0x00000000000065ee                pb_close_string_substream
 .text.pb_decode_bool
                0x0000000000006612       0x1a app/libapp.a(pb_decode.c.obj)
                0x0000000000006612                pb_decode_bool
 .text.pb_decode_svarint
                0x000000000000662c       0x2a app/libapp.a(pb_decode.c.obj)
                0x000000000000662c                pb_decode_svarint
 .text.pb_decode_fixed32
                0x0000000000006656       0x18 app/libapp.a(pb_decode.c.obj)
                0x0000000000006656                pb_decode_fixed32
 .text.pb_decode_fixed64
                0x000000000000666e       0x1a app/libapp.a(pb_decode.c.obj)
                0x000000000000666e                pb_decode_fixed64
 .text.pb_decode
                0x0000000000006688        0x6 app/libapp.a(pb_decode.c.obj)
                0x0000000000006688                pb_decode
 .text.chunk_size
                0x000000000000668e        0xa zephyr/libzephyr.a(heap.c.obj)
 .text.free_list_add
                0x0000000000006698       0x4e zephyr/libzephyr.a(heap.c.obj)
 .text.free_list_remove_bidx
                0x00000000000066e6       0x3a zephyr/libzephyr.a(heap.c.obj)
 .text.free_list_remove
                0x0000000000006720       0x1a zephyr/libzephyr.a(heap.c.obj)
 .text.alloc_chunk
                0x000000000000673a       0x6e zephyr/libzephyr.a(heap.c.obj)
 .text.merge_chunks
                0x00000000000067a8       0x2c zephyr/libzephyr.a(heap.c.obj)
 .text.split_chunks
                0x00000000000067d4       0x34 zephyr/libzephyr.a(heap.c.obj)
 .text.free_chunk
                0x0000000000006808       0x62 zephyr/libzephyr.a(heap.c.obj)
 .text.sys_heap_free
                0x000000000000686a       0x1e zephyr/libzephyr.a(heap.c.obj)
                0x000000000000686a                sys_heap_free
 .text.sys_heap_alloc
                0x0000000000006888       0x52 zephyr/libzephyr.a(heap.c.obj)
                0x0000000000006888                sys_heap_alloc
 .text.sys_heap_aligned_alloc
                0x00000000000068da       0xd0 zephyr/libzephyr.a(heap.c.obj)
                0x00000000000068da                sys_heap_aligned_alloc
 .text.sys_heap_init
                0x00000000000069aa       0x7a zephyr/libzephyr.a(heap.c.obj)
                0x00000000000069aa                sys_heap_init
 .text.cbpprintf_external
                0x0000000000006a24       0x62 zephyr/libzephyr.a(cbprintf_packaged.c.obj)
                0x0000000000006a24                cbpprintf_external
 .text.is_ptr   0x0000000000006a86       0x4a zephyr/libzephyr.a(cbprintf_packaged.c.obj)
                0x0000000000006a86                is_ptr
 .text.arch_printk_char_out
                0x0000000000006ad0        0x4 zephyr/libzephyr.a(printk.c.obj)
                0x0000000000006ad0                arch_printk_char_out
 .text.vprintk  0x0000000000006ad4        0x4 zephyr/libzephyr.a(printk.c.obj)
                0x0000000000006ad4                vprintk
 .text.printk   0x0000000000006ad8       0x1a zephyr/libzephyr.a(printk.c.obj)
                0x0000000000006ad8                printk
 .text.free_space
                0x0000000000006af2       0x26 zephyr/libzephyr.a(mpsc_pbuf.c.obj)
 .text.get_usage
                0x0000000000006b18       0x22 zephyr/libzephyr.a(mpsc_pbuf.c.obj)
 .text.idx_inc  0x0000000000006b3a       0x1c zephyr/libzephyr.a(mpsc_pbuf.c.obj)
 .text.rd_idx_inc
                0x0000000000006b56       0x18 zephyr/libzephyr.a(mpsc_pbuf.c.obj)
 .text.add_skip_item
                0x0000000000006b6e       0x3a zephyr/libzephyr.a(mpsc_pbuf.c.obj)
 .text.drop_item_locked
                0x0000000000006ba8       0xee zephyr/libzephyr.a(mpsc_pbuf.c.obj)
 .text.post_drop_action
                0x0000000000006c96       0x36 zephyr/libzephyr.a(mpsc_pbuf.c.obj)
 .text.max_utilization_update
                0x0000000000006ccc       0x1a zephyr/libzephyr.a(mpsc_pbuf.c.obj)
 .text.mpsc_pbuf_init
                0x0000000000006ce6       0x42 zephyr/libzephyr.a(mpsc_pbuf.c.obj)
                0x0000000000006ce6                mpsc_pbuf_init
 .text.mpsc_pbuf_alloc
                0x0000000000006d28       0xf8 zephyr/libzephyr.a(mpsc_pbuf.c.obj)
                0x0000000000006d28                mpsc_pbuf_alloc
 .text.mpsc_pbuf_commit
                0x0000000000006e20       0x3e zephyr/libzephyr.a(mpsc_pbuf.c.obj)
                0x0000000000006e20                mpsc_pbuf_commit
 .text.mpsc_pbuf_claim
                0x0000000000006e5e       0xa8 zephyr/libzephyr.a(mpsc_pbuf.c.obj)
                0x0000000000006e5e                mpsc_pbuf_claim
 .text.mpsc_pbuf_free
                0x0000000000006f06       0x76 zephyr/libzephyr.a(mpsc_pbuf.c.obj)
                0x0000000000006f06                mpsc_pbuf_free
 .text.mpsc_pbuf_is_pending
                0x0000000000006f7c       0x32 zephyr/libzephyr.a(mpsc_pbuf.c.obj)
                0x0000000000006f7c                mpsc_pbuf_is_pending
 .text._ConfigAbsSyms
                0x0000000000006fae        0x2 zephyr/libzephyr.a(configs.c.obj)
                0x0000000000006fae                _ConfigAbsSyms
 .text.log_msg_generic_get_wlen
                0x0000000000006fb0       0x20 zephyr/libzephyr.a(log_core.c.obj)
 .text.dummy_timestamp
                0x0000000000006fd0        0x4 zephyr/libzephyr.a(log_core.c.obj)
 .text.atomic_inc
                0x0000000000006fd4       0x1a zephyr/libzephyr.a(log_core.c.obj)
 .text.default_lf_get_timestamp
                0x0000000000006fee       0x10 zephyr/libzephyr.a(log_core.c.obj)
 .text.z_log_vprintk
                0x0000000000006ffe       0x1c zephyr/libzephyr.a(log_core.c.obj)
                0x0000000000006ffe                z_log_vprintk
 .text.z_log_notify_drop
                0x000000000000701a        0x6 zephyr/libzephyr.a(log_core.c.obj)
 .text.z_log_get_tag
                0x0000000000007020        0x4 zephyr/libzephyr.a(log_core.c.obj)
                0x0000000000007020                z_log_get_tag
 .text.z_cbprintf_cpy
                0x0000000000007024       0x2c zephyr/libzephyr.a(log_msg.c.obj)
 .text.z_log_msg_finalize
                0x0000000000007050       0x32 zephyr/libzephyr.a(log_msg.c.obj)
                0x0000000000007050                z_log_msg_finalize
 .text.z_log_msg_simple_create
                0x0000000000007082       0x6e zephyr/libzephyr.a(log_msg.c.obj)
 .text.z_impl_z_log_msg_simple_create_0
                0x00000000000070f0       0x12 zephyr/libzephyr.a(log_msg.c.obj)
                0x00000000000070f0                z_impl_z_log_msg_simple_create_0
 .text.z_impl_z_log_msg_simple_create_1
                0x0000000000007102       0x14 zephyr/libzephyr.a(log_msg.c.obj)
                0x0000000000007102                z_impl_z_log_msg_simple_create_1
 .text.z_impl_z_log_msg_simple_create_2
                0x0000000000007116       0x18 zephyr/libzephyr.a(log_msg.c.obj)
                0x0000000000007116                z_impl_z_log_msg_simple_create_2
 .text.log_output_write
                0x000000000000712e       0x1c zephyr/libzephyr.a(log_output.c.obj)
 .text.log_output_flush
                0x000000000000714a       0x1a zephyr/libzephyr.a(log_output.c.obj)
 .text.out_func
                0x0000000000007164       0x36 zephyr/libzephyr.a(log_output.c.obj)
 .text.cr_out_func
                0x000000000000719a       0x1c zephyr/libzephyr.a(log_output.c.obj)
 .text.log_output_msg_process
                0x00000000000071b6       0x6a zephyr/libzephyr.a(log_output.c.obj)
                0x00000000000071b6                log_output_msg_process
 .text.format_set
                0x0000000000007220        0xc zephyr/libzephyr.a(log_backend_uart.c.obj)
 .text.log_backend_uart_init
                0x000000000000722c        0xc zephyr/libzephyr.a(log_backend_uart.c.obj)
 .text.panic    0x0000000000007238       0x32 zephyr/libzephyr.a(log_backend_uart.c.obj)
 .text.dropped  0x000000000000726a        0xa zephyr/libzephyr.a(log_backend_uart.c.obj)
 .text.process  0x0000000000007274       0x1e zephyr/libzephyr.a(log_backend_uart.c.obj)
 .text.z_do_kernel_oops
                0x0000000000007292        0x8 zephyr/arch/arch/arm/core/libarch__arm__core.a(fatal.c.obj)
                0x0000000000007292                z_do_kernel_oops
 .text.z_arm_nmi
                0x000000000000729a        0xe zephyr/arch/arch/arm/core/libarch__arm__core.a(nmi.c.obj)
                0x000000000000729a                z_arm_nmi
 .text.z_log_msg_simple_create_0.constprop.0
                0x00000000000072a8        0x8 zephyr/arch/arch/arm/core/cortex_m/libarch__arm__core__cortex_m.a(fault.c.obj)
 .text.z_arm_irq_priority_set
                0x00000000000072b0        0x8 zephyr/arch/arch/arm/core/cortex_m/libarch__arm__core__cortex_m.a(irq_manage.c.obj)
                0x00000000000072b0                z_arm_irq_priority_set
 .text.z_irq_spurious
                0x00000000000072b8        0x8 zephyr/arch/arch/arm/core/cortex_m/libarch__arm__core__cortex_m.a(irq_manage.c.obj)
                0x00000000000072b8                z_irq_spurious
 .text.arch_irq_unlock_outlined
                0x00000000000072c0        0xe zephyr/arch/arch/arm/core/cortex_m/libarch__arm__core__cortex_m.a(thread.c.obj)
                0x00000000000072c0                arch_irq_unlock_outlined
 .text.arch_cpu_idle
                0x00000000000072ce       0x1a zephyr/arch/arch/arm/core/cortex_m/libarch__arm__core__cortex_m.a(cpu_idle.c.obj)
                0x00000000000072ce                arch_cpu_idle
 .text.cbputc   0x00000000000072e8        0xc zephyr/lib/libc/picolibc/liblib__libc__picolibc.a(cbprintf.c.obj)
 .text.picolibc_put
                0x00000000000072f4        0xa zephyr/lib/libc/picolibc/liblib__libc__picolibc.a(stdio.c.obj)
 .text.gpio_davinci_configure
                0x00000000000072fe       0x34 zephyr/drivers/gpio/libdrivers__gpio.a(gpio_davinci.c.obj)
 .text.gpio_davinci_port_get_raw
                0x0000000000007332        0xc zephyr/drivers/gpio/libdrivers__gpio.a(gpio_davinci.c.obj)
 .text.gpio_davinci_port_set_masked_raw
                0x000000000000733e       0x12 zephyr/drivers/gpio/libdrivers__gpio.a(gpio_davinci.c.obj)
 .text.gpio_davinci_port_set_bits_raw
                0x0000000000007350        0xe zephyr/drivers/gpio/libdrivers__gpio.a(gpio_davinci.c.obj)
 .text.gpio_davinci_port_clear_bits_raw
                0x000000000000735e        0xe zephyr/drivers/gpio/libdrivers__gpio.a(gpio_davinci.c.obj)
 .text.gpio_davinci_port_toggle_bits
                0x000000000000736c        0xe zephyr/drivers/gpio/libdrivers__gpio.a(gpio_davinci.c.obj)
 .text.gpio_davinci_bank_0_config
                0x000000000000737a        0x2 zephyr/drivers/gpio/libdrivers__gpio.a(gpio_davinci.c.obj)
 .text.omap_mailbox_isr
                0x000000000000737c       0xa6 zephyr/drivers/mbox/libdrivers__mbox.a(mbox_ti_omap.c.obj)
 .text.omap_mailbox_register_callback
                0x0000000000007422       0x30 zephyr/drivers/mbox/libdrivers__mbox.a(mbox_ti_omap.c.obj)
 .text.omap_mailbox_mtu_get
                0x0000000000007452        0x4 zephyr/drivers/mbox/libdrivers__mbox.a(mbox_ti_omap.c.obj)
 .text.omap_mailbox_max_channels_get
                0x0000000000007456        0x4 zephyr/drivers/mbox/libdrivers__mbox.a(mbox_ti_omap.c.obj)
 .text.omap_mailbox_set_enabled
                0x000000000000745a       0x96 zephyr/drivers/mbox/libdrivers__mbox.a(mbox_ti_omap.c.obj)
 .text.omap_mailbox_send
                0x00000000000074f0       0x62 zephyr/drivers/mbox/libdrivers__mbox.a(mbox_ti_omap.c.obj)
 .text.omap_mailbox_0_init
                0x0000000000007552       0x1a zephyr/drivers/mbox/libdrivers__mbox.a(mbox_ti_omap.c.obj)
 .text.pinctrl_lookup_state
                0x000000000000756c       0x26 zephyr/drivers/pinctrl/libdrivers__pinctrl.a(common.c.obj)
                0x000000000000756c                pinctrl_lookup_state
 .text.pinctrl_ti_k3_init
                0x0000000000007592       0x10 zephyr/drivers/pinctrl/libdrivers__pinctrl.a(pinctrl_ti_k3.c.obj)
 .text.uart_ns16550_config_get
                0x00000000000075a2       0x1a zephyr/drivers/serial/libdrivers__serial.a(uart_ns16550.c.obj)
 .text.uart_ns16550_poll_in
                0x00000000000075bc       0x38 zephyr/drivers/serial/libdrivers__serial.a(uart_ns16550.c.obj)
 .text.uart_ns16550_poll_out
                0x00000000000075f4       0x30 zephyr/drivers/serial/libdrivers__serial.a(uart_ns16550.c.obj)
 .text.uart_ns16550_err_check
                0x0000000000007624       0x2e zephyr/drivers/serial/libdrivers__serial.a(uart_ns16550.c.obj)
 .text.uart_ns16550_configure
                0x0000000000007652      0x194 zephyr/drivers/serial/libdrivers__serial.a(uart_ns16550.c.obj)
 .text.uart_ns16550_init
                0x00000000000077e6       0x1c zephyr/drivers/serial/libdrivers__serial.a(uart_ns16550.c.obj)
 .text.metal_io_init
                0x0000000000007802       0x54 modules/libmetal/libmetal/lib/libmetal.a(io.c.obj)
                0x0000000000007802                metal_io_init
 .text.metal_io_block_read
                0x0000000000007856       0x72 modules/libmetal/libmetal/lib/libmetal.a(io.c.obj)
                0x0000000000007856                metal_io_block_read
 .text.metal_io_block_write
                0x00000000000078c8       0x74 modules/libmetal/libmetal/lib/libmetal.a(io.c.obj)
                0x00000000000078c8                metal_io_block_write
 .text.metal_generic_dev_sys_open
                0x000000000000793c        0x4 modules/libmetal/libmetal/lib/libmetal.a(device.c.obj)
                0x000000000000793c                metal_generic_dev_sys_open
 .text.metal_io_phys
                0x0000000000007940       0x38 modules/open-amp/open-amp/lib/libopen_amp.a(virtqueue.c.obj)
 .text.virtqueue_create
                0x0000000000007978       0x3a modules/open-amp/open-amp/lib/libopen_amp.a(virtqueue.c.obj)
                0x0000000000007978                virtqueue_create
 .text.virtqueue_get_buffer_length
                0x00000000000079b2        0xa modules/open-amp/open-amp/lib/libopen_amp.a(virtqueue.c.obj)
                0x00000000000079b2                virtqueue_get_buffer_length
 .text.virtqueue_get_buffer_addr
                0x00000000000079bc       0x56 modules/open-amp/open-amp/lib/libopen_amp.a(virtqueue.c.obj)
                0x00000000000079bc                virtqueue_get_buffer_addr
 .text.virtqueue_get_available_buffer
                0x0000000000007a12       0x40 modules/open-amp/open-amp/lib/libopen_amp.a(virtqueue.c.obj)
                0x0000000000007a12                virtqueue_get_available_buffer
 .text.virtqueue_disable_cb
                0x0000000000007a52       0x32 modules/open-amp/open-amp/lib/libopen_amp.a(virtqueue.c.obj)
                0x0000000000007a52                virtqueue_disable_cb
 .text.virtqueue_kick
                0x0000000000007a84       0x50 modules/open-amp/open-amp/lib/libopen_amp.a(virtqueue.c.obj)
                0x0000000000007a84                virtqueue_kick
 .text.virtqueue_get_desc_size
                0x0000000000007ad4       0x24 modules/open-amp/open-amp/lib/libopen_amp.a(virtqueue.c.obj)
                0x0000000000007ad4                virtqueue_get_desc_size
 .text.virtqueue_notification
                0x0000000000007af8        0xc modules/open-amp/open-amp/lib/libopen_amp.a(virtqueue.c.obj)
                0x0000000000007af8                virtqueue_notification
 .text.__metal_mutex_acquire
                0x0000000000007b04        0xc modules/open-amp/open-amp/lib/libopen_amp.a(rpmsg.c.obj)
 .text.rpmsg_ept_incref
                0x0000000000007b10        0xa modules/open-amp/open-amp/lib/libopen_amp.a(rpmsg.c.obj)
                0x0000000000007b10                rpmsg_ept_incref
 .text.rpmsg_ept_decref
                0x0000000000007b1a       0x14 modules/open-amp/open-amp/lib/libopen_amp.a(rpmsg.c.obj)
                0x0000000000007b1a                rpmsg_ept_decref
 .text.rpmsg_unregister_endpoint
                0x0000000000007b2e       0x54 modules/open-amp/open-amp/lib/libopen_amp.a(rpmsg.c.obj)
 .text.rpmsg_send_ns_message
                0x0000000000007b82       0x32 modules/open-amp/open-amp/lib/libopen_amp.a(rpmsg.c.obj)
                0x0000000000007b82                rpmsg_send_ns_message
 .text.rpmsg_get_endpoint
                0x0000000000007bb4       0x74 modules/open-amp/open-amp/lib/libopen_amp.a(rpmsg.c.obj)
                0x0000000000007bb4                rpmsg_get_endpoint
 .text.rpmsg_destroy_ept
                0x0000000000007c28       0x2e modules/open-amp/open-amp/lib/libopen_amp.a(rpmsg.c.obj)
                0x0000000000007c28                rpmsg_destroy_ept
 .text.rpmsg_virtio_tx_callback
                0x0000000000007c56        0x2 modules/open-amp/open-amp/lib/libopen_amp.a(rpmsg_virtio.c.obj)
 .text.k_sem_give
                0x0000000000007c58        0x4 modules/open-amp/open-amp/lib/libopen_amp.a(rpmsg_virtio.c.obj)
 .text.__metal_mutex_acquire
                0x0000000000007c5c        0xc modules/open-amp/open-amp/lib/libopen_amp.a(rpmsg_virtio.c.obj)
 .text.rpmsg_virtio_release_tx_buffer
                0x0000000000007c68       0x48 modules/open-amp/open-amp/lib/libopen_amp.a(rpmsg_virtio.c.obj)
 .text.rpmsg_virtio_hold_rx_buffer
                0x0000000000007cb0       0x24 modules/open-amp/open-amp/lib/libopen_amp.a(rpmsg_virtio.c.obj)
 .text.rpmsg_virtio_ns_callback
                0x0000000000007cd4       0xf2 modules/open-amp/open-amp/lib/libopen_amp.a(rpmsg_virtio.c.obj)
 .text.rpmsg_virtio_send_offchannel_nocopy
                0x0000000000007dc6       0x7a modules/open-amp/open-amp/lib/libopen_amp.a(rpmsg_virtio.c.obj)
 .text.rpmsg_virtio_release_rx_buffer_nolock.isra.0
                0x0000000000007e40       0x34 modules/open-amp/open-amp/lib/libopen_amp.a(rpmsg_virtio.c.obj)
 .text.rpmsg_virtio_release_rx_buffer
                0x0000000000007e74       0x2c modules/open-amp/open-amp/lib/libopen_amp.a(rpmsg_virtio.c.obj)
 .text.rpmsg_virtio_rx_callback
                0x0000000000007ea0       0xb2 modules/open-amp/open-amp/lib/libopen_amp.a(rpmsg_virtio.c.obj)
 .text.rpmsg_virtio_get_tx_payload_buffer
                0x0000000000007f52       0xf6 modules/open-amp/open-amp/lib/libopen_amp.a(rpmsg_virtio.c.obj)
 .text.rpmsg_init_vdev
                0x0000000000008048       0x12 modules/open-amp/open-amp/lib/libopen_amp.a(rpmsg_virtio.c.obj)
                0x0000000000008048                rpmsg_init_vdev
 .text.rpmsg_deinit_vdev
                0x000000000000805a       0x34 modules/open-amp/open-amp/lib/libopen_amp.a(rpmsg_virtio.c.obj)
                0x000000000000805a                rpmsg_deinit_vdev
 .text.rproc_virtio_virtqueue_notify
                0x000000000000808e       0x1e modules/open-amp/open-amp/lib/libopen_amp.a(remoteproc_virtio.c.obj)
 .text.rproc_virtio_read_config
                0x00000000000080ac       0x38 modules/open-amp/open-amp/lib/libopen_amp.a(remoteproc_virtio.c.obj)
 .text.rproc_virtio_delete_virtqueues
                0x00000000000080e4       0x28 modules/open-amp/open-amp/lib/libopen_amp.a(remoteproc_virtio.c.obj)
 .text.metal_io_read.constprop.0
                0x000000000000810c       0x46 modules/open-amp/open-amp/lib/libopen_amp.a(remoteproc_virtio.c.obj)
 .text.rproc_virtio_get_status
                0x0000000000008152       0x26 modules/open-amp/open-amp/lib/libopen_amp.a(remoteproc_virtio.c.obj)
 .text.rproc_virtio_get_features
                0x0000000000008178       0x42 modules/open-amp/open-amp/lib/libopen_amp.a(remoteproc_virtio.c.obj)
 .text.rproc_virtio_remove_vdev
                0x00000000000081ba       0x1c modules/open-amp/open-amp/lib/libopen_amp.a(remoteproc_virtio.c.obj)
                0x00000000000081ba                rproc_virtio_remove_vdev
 .text.rproc_virtio_init_vring
                0x00000000000081d6       0x30 modules/open-amp/open-amp/lib/libopen_amp.a(remoteproc_virtio.c.obj)
                0x00000000000081d6                rproc_virtio_init_vring
 .text.rproc_virtio_notified
                0x0000000000008206       0x44 modules/open-amp/open-amp/lib/libopen_amp.a(remoteproc_virtio.c.obj)
                0x0000000000008206                rproc_virtio_notified
 .text.rproc_virtio_wait_remote_ready
                0x000000000000824a       0x10 modules/open-amp/open-amp/lib/libopen_amp.a(remoteproc_virtio.c.obj)
                0x000000000000824a                rproc_virtio_wait_remote_ready
 .text.strlcpy  0x000000000000825a       0x1e modules/open-amp/open-amp/lib/libopen_amp.a(string.c.obj)
                0x000000000000825a                strlcpy
 .text.z_device_state_init
                0x0000000000008278        0x2 zephyr/kernel/libkernel.a(device.c.obj)
                0x0000000000008278                z_device_state_init
 .text.z_impl_device_is_ready
                0x000000000000827a       0x16 zephyr/kernel/libkernel.a(device.c.obj)
                0x000000000000827a                z_impl_device_is_ready
 .text.arch_system_halt
                0x0000000000008290       0x10 zephyr/kernel/libkernel.a(fatal.c.obj)
                0x0000000000008290                arch_system_halt
 .text.do_device_init
                0x00000000000082a0       0x30 zephyr/kernel/libkernel.a(init.c.obj)
 .text.z_early_memset
                0x00000000000082d0        0x4 zephyr/kernel/libkernel.a(init.c.obj)
                0x00000000000082d0                z_early_memset
 .text.z_init_static
                0x00000000000082d4        0x2 zephyr/kernel/libkernel.a(init_static.c.obj)
                0x00000000000082d4                z_init_static
 .text.idle     0x00000000000082d6       0x16 zephyr/kernel/libkernel.a(idle.c.obj)
                0x00000000000082d6                idle
 .text.z_impl_k_sem_init
                0x00000000000082ec       0x18 zephyr/kernel/libkernel.a(sem.c.obj)
                0x00000000000082ec                z_impl_k_sem_init
 .text.k_is_in_isr
                0x0000000000008304        0xc zephyr/kernel/libkernel.a(thread.c.obj)
                0x0000000000008304                k_is_in_isr
 .text.z_impl_k_thread_name_set
                0x0000000000008310        0x6 zephyr/kernel/libkernel.a(thread.c.obj)
                0x0000000000008310                z_impl_k_thread_name_set
 .text.k_thread_name_get
                0x0000000000008316        0x4 zephyr/kernel/libkernel.a(thread.c.obj)
                0x0000000000008316                k_thread_name_get
 .text.sys_dlist_remove
                0x000000000000831a       0x10 zephyr/kernel/libkernel.a(sched.c.obj)
 .text.unpend_thread_no_timeout
                0x000000000000832a       0x14 zephyr/kernel/libkernel.a(sched.c.obj)
 .text.add_to_waitq_locked
                0x000000000000833e       0x50 zephyr/kernel/libkernel.a(sched.c.obj)
 .text.z_ready_thread
                0x000000000000838e       0x1e zephyr/kernel/libkernel.a(sched.c.obj)
                0x000000000000838e                z_ready_thread
 .text.z_unpend_thread_no_timeout
                0x00000000000083ac       0x22 zephyr/kernel/libkernel.a(sched.c.obj)
                0x00000000000083ac                z_unpend_thread_no_timeout
 .text.z_sched_wake_thread
                0x00000000000083ce       0x3a zephyr/kernel/libkernel.a(sched.c.obj)
                0x00000000000083ce                z_sched_wake_thread
 .text.z_thread_timeout
                0x0000000000008408        0x8 zephyr/kernel/libkernel.a(sched.c.obj)
                0x0000000000008408                z_thread_timeout
 .text.z_unpend1_no_timeout
                0x0000000000008410       0x2c zephyr/kernel/libkernel.a(sched.c.obj)
                0x0000000000008410                z_unpend1_no_timeout
 .text.z_unpend_thread
                0x000000000000843c       0x10 zephyr/kernel/libkernel.a(sched.c.obj)
                0x000000000000843c                z_unpend_thread
 .text.z_unpend_all
                0x000000000000844c       0x28 zephyr/kernel/libkernel.a(sched.c.obj)
                0x000000000000844c                z_unpend_all
 .text.z_thread_abort
                0x0000000000008474       0x44 zephyr/kernel/libkernel.a(sched.c.obj)
                0x0000000000008474                z_thread_abort
 .text.z_abort_timeout
                0x00000000000084b8       0x2a zephyr/kernel/libkernel.a(timeout.c.obj)
                0x00000000000084b8                z_abort_timeout
 .text.sys_clock_tick_get_32
                0x00000000000084e2        0x8 zephyr/kernel/libkernel.a(timeout.c.obj)
                0x00000000000084e2                sys_clock_tick_get_32
 .text.z_impl_k_uptime_ticks
                0x00000000000084ea        0x4 zephyr/kernel/libkernel.a(timeout.c.obj)
                0x00000000000084ea                z_impl_k_uptime_ticks
 .text.sys_timepoint_calc
                0x00000000000084ee       0x48 zephyr/kernel/libkernel.a(timeout.c.obj)
                0x00000000000084ee                sys_timepoint_calc
 .text.sys_timepoint_timeout
                0x0000000000008536       0x42 zephyr/kernel/libkernel.a(timeout.c.obj)
                0x0000000000008536                sys_timepoint_timeout
 .text.k_timer_init
                0x0000000000008578       0x18 zephyr/kernel/libkernel.a(timer.c.obj)
                0x0000000000008578                k_timer_init
 .text.z_impl_k_timer_stop
                0x0000000000008590       0x38 zephyr/kernel/libkernel.a(timer.c.obj)
                0x0000000000008590                z_impl_k_timer_stop
 .text.z_heap_aligned_alloc
                0x00000000000085c8       0x26 zephyr/kernel/libkernel.a(mempool.c.obj)
 .text.k_free   0x00000000000085ee        0xe zephyr/kernel/libkernel.a(mempool.c.obj)
                0x00000000000085ee                k_free
 .text.k_malloc
                0x00000000000085fc        0x8 zephyr/kernel/libkernel.a(mempool.c.obj)
                0x00000000000085fc                k_malloc
 .text.k_heap_init
                0x0000000000008604       0x10 zephyr/kernel/libkernel.a(kheap.c.obj)
                0x0000000000008604                k_heap_init
 .text.k_heap_aligned_alloc
                0x0000000000008614       0x82 zephyr/kernel/libkernel.a(kheap.c.obj)
                0x0000000000008614                k_heap_aligned_alloc
 .text.k_heap_free
                0x0000000000008696       0x38 zephyr/kernel/libkernel.a(kheap.c.obj)
                0x0000000000008696                k_heap_free
 .text.memcpy   0x00000000000086ce       0x1c /home/a-fleloir/zephyr-sdk-0.17.0/arm-zephyr-eabi/bin/../lib/gcc/../../picolibc/arm-zephyr-eabi/lib/thumb/v7e-m/nofp/libc.a(memcpy.c.o)
                0x00000000000086ce                memcpy
                0x00000000000086ce                __aeabi_memcpy
                0x00000000000086ce                __aeabi_memcpy4
                0x00000000000086ce                __aeabi_memcpy8
 .text.memset   0x00000000000086ea       0x10 /home/a-fleloir/zephyr-sdk-0.17.0/arm-zephyr-eabi/bin/../lib/gcc/../../picolibc/arm-zephyr-eabi/lib/thumb/v7e-m/nofp/libc.a(memset.c.o)
                0x00000000000086ea                memset
 .text.strncmp  0x00000000000086fa       0x24 /home/a-fleloir/zephyr-sdk-0.17.0/arm-zephyr-eabi/bin/../lib/gcc/../../picolibc/arm-zephyr-eabi/lib/thumb/v7e-m/nofp/libc.a(libc_string_strncmp.c.o)
                0x00000000000086fa                strncmp
 .text.strnlen  0x000000000000871e       0x18 /home/a-fleloir/zephyr-sdk-0.17.0/arm-zephyr-eabi/bin/../lib/gcc/../../picolibc/arm-zephyr-eabi/lib/thumb/v7e-m/nofp/libc.a(libc_string_strnlen.c.o)
                0x000000000000871e                strnlen
 .text.__ultoa_invert
                0x0000000000008736       0x50 /home/a-fleloir/zephyr-sdk-0.17.0/arm-zephyr-eabi/bin/../lib/gcc/../../picolibc/arm-zephyr-eabi/lib/thumb/v7e-m/nofp/libc.a(libc_tinystdio_vfprintf.c.o)
 .text.mulShiftAll64
                0x0000000000008786      0x176 /home/a-fleloir/zephyr-sdk-0.17.0/arm-zephyr-eabi/bin/../lib/gcc/../../picolibc/arm-zephyr-eabi/lib/thumb/v7e-m/nofp/libc.a(libc_tinystdio_dtoa_ryu.c.o)
 .text.__umul128
                0x00000000000088fc       0x36 /home/a-fleloir/zephyr-sdk-0.17.0/arm-zephyr-eabi/bin/../lib/gcc/../../picolibc/arm-zephyr-eabi/lib/thumb/v7e-m/nofp/libc.a(libc_tinystdio_ryu_umul128.c.o)
                0x00000000000088fc                __umul128
 .text.__shiftright128
                0x0000000000008932       0x3e /home/a-fleloir/zephyr-sdk-0.17.0/arm-zephyr-eabi/bin/../lib/gcc/../../picolibc/arm-zephyr-eabi/lib/thumb/v7e-m/nofp/libc.a(libc_tinystdio_ryu_umul128.c.o)
                0x0000000000008932                __shiftright128
 .text.__dtox_engine
                0x0000000000008970      0x128 /home/a-fleloir/zephyr-sdk-0.17.0/arm-zephyr-eabi/bin/../lib/gcc/../../picolibc/arm-zephyr-eabi/lib/thumb/v7e-m/nofp/libc.a(libc_tinystdio_dtox_engine.c.o)
                0x0000000000008970                __dtox_engine
 .text.__file_str_put
                0x0000000000008a98       0x10 /home/a-fleloir/zephyr-sdk-0.17.0/arm-zephyr-eabi/bin/../lib/gcc/../../picolibc/arm-zephyr-eabi/lib/thumb/v7e-m/nofp/libc.a(libc_tinystdio_filestrput.c.o)
                0x0000000000008a98                __file_str_put
 *(SORT_BY_ALIGNMENT(.TEXT.*))
 .TEXT.__aeabi_read_tp
                0x0000000000008aa8        0xc zephyr/arch/arch/arm/core/cortex_m/libarch__arm__core__cortex_m.a(__aeabi_read_tp.S.obj)
                0x0000000000008aa8                __aeabi_read_tp
 *(SORT_BY_ALIGNMENT(.gnu.linkonce.t.*))
 *(SORT_BY_ALIGNMENT(.glue_7t))
 .glue_7t       0x0000000000008ab4        0x0 linker stubs
 *(SORT_BY_ALIGNMENT(.glue_7))
 .glue_7        0x0000000000008ab4        0x0 linker stubs
 *(SORT_BY_ALIGNMENT(.vfp11_veneer))
 .vfp11_veneer  0x0000000000008ab4        0x0 linker stubs
 *(SORT_BY_ALIGNMENT(.v4_bx))
 .v4_bx         0x0000000000008ab4        0x0 linker stubs
                0x0000000000008ab4                . = ALIGN (0x4)
                0x0000000000008ab4                __text_region_end = .

.ARM.exidx      0x0000000000008ab4        0x8
                0x0000000000008ab4                __exidx_start = .
 *(SORT_BY_ALIGNMENT(.ARM.exidx*) SORT_BY_ALIGNMENT(gnu.linkonce.armexidx.*))
 .ARM.exidx     0x0000000000008ab4        0x8 /home/a-fleloir/zephyr-sdk-0.17.0/arm-zephyr-eabi/bin/../lib/gcc/../../picolibc/arm-zephyr-eabi/lib/thumb/v7e-m/nofp/libc.a(strcmp.S.o)
 .ARM.exidx     0x0000000000008abc        0x0 /home/a-fleloir/zephyr-sdk-0.17.0/arm-zephyr-eabi/bin/../lib/gcc/../../picolibc/arm-zephyr-eabi/lib/thumb/v7e-m/nofp/libc.a(strlen.S.o)
                                          0x8 (size before relaxing)
 .ARM.exidx     0x0000000000008abc        0x0 /home/a-fleloir/zephyr-sdk-0.17.0/arm-zephyr-eabi/bin/../lib/gcc/arm-zephyr-eabi/12.2.0/thumb/v7e-m/nofp/libgcc.a(_udivmoddi4.o)
                                          0x8 (size before relaxing)
                0x0000000000008abc                __exidx_end = .
                0x0000000000008abc                __rodata_region_start = .

initlevel       0x0000000000008abc       0x48
                0x0000000000008abc                __init_start = .
                0x0000000000008abc                __init_EARLY_start = .
 *(SORT_BY_NAME(SORT_BY_ALIGNMENT(.z_init_EARLY?_*)))
 *(SORT_BY_NAME(SORT_BY_ALIGNMENT(.z_init_EARLY??_*)))
                0x0000000000008abc                __init_PRE_KERNEL_1_start = .
 *(SORT_BY_NAME(SORT_BY_ALIGNMENT(.z_init_PRE_KERNEL_1?_*)))
 *(SORT_BY_NAME(SORT_BY_ALIGNMENT(.z_init_PRE_KERNEL_1??_*)))
 .z_init_PRE_KERNEL_130_0_
                0x0000000000008abc        0x8 zephyr/kernel/libkernel.a(kheap.c.obj)
 .z_init_PRE_KERNEL_140_00010_
                0x0000000000008ac4        0x8 zephyr/drivers/pinctrl/libdrivers__pinctrl.a(pinctrl_ti_k3.c.obj)
 .z_init_PRE_KERNEL_150_00013_
                0x0000000000008acc        0x8 zephyr/drivers/serial/libdrivers__serial.a(uart_ns16550.c.obj)
 .z_init_PRE_KERNEL_160_0_
                0x0000000000008ad4        0x8 zephyr/drivers/console/libdrivers__console.a(uart_console.c.obj)
                0x0000000000008adc                __init_PRE_KERNEL_2_start = .
 *(SORT_BY_NAME(SORT_BY_ALIGNMENT(.z_init_PRE_KERNEL_2?_*)))
 .z_init_PRE_KERNEL_20_0_
                0x0000000000008adc        0x8 zephyr/drivers/timer/libdrivers__timer.a(cortex_m_systick.c.obj)
 *(SORT_BY_NAME(SORT_BY_ALIGNMENT(.z_init_PRE_KERNEL_2??_*)))
 .z_init_PRE_KERNEL_240_00018_
                0x0000000000008ae4        0x8 zephyr/drivers/gpio/libdrivers__gpio.a(gpio_davinci.c.obj)
                0x0000000000008aec                __init_POST_KERNEL_start = .
 *(SORT_BY_NAME(SORT_BY_ALIGNMENT(.z_init_POST_KERNEL?_*)))
 .z_init_POST_KERNEL0_0_
                0x0000000000008aec        0x8 zephyr/libzephyr.a(log_core.c.obj)
 *(SORT_BY_NAME(SORT_BY_ALIGNMENT(.z_init_POST_KERNEL??_*)))
 .z_init_POST_KERNEL35_0_
                0x0000000000008af4        0x8 zephyr/lib/libc/common/liblib__libc__common.a(malloc.c.obj)
 .z_init_POST_KERNEL40_00005_
                0x0000000000008afc        0x8 zephyr/drivers/mbox/libdrivers__mbox.a(mbox_ti_omap.c.obj)
                0x0000000000008b04                __init_APPLICATION_start = .
 *(SORT_BY_NAME(SORT_BY_ALIGNMENT(.z_init_APPLICATION?_*)))
 *(SORT_BY_NAME(SORT_BY_ALIGNMENT(.z_init_APPLICATION??_*)))
                0x0000000000008b04                __init_SMP_start = .
 *(SORT_BY_NAME(SORT_BY_ALIGNMENT(.z_init_SMP?_*)))
 *(SORT_BY_NAME(SORT_BY_ALIGNMENT(.z_init_SMP??_*)))
                0x0000000000008b04                __init_end = .
                0x0000000000008b04                __deferred_init_list_start = .
 *(SORT_BY_ALIGNMENT(.z_deferred_init*))
                0x0000000000008b04                __deferred_init_list_end = .

device_area     0x0000000000008b04       0x50
                0x0000000000008b04                _device_list_start = .
 *(SORT_BY_NAME(SORT_BY_ALIGNMENT(._device.static.*_?_*)))
 *(SORT_BY_NAME(SORT_BY_ALIGNMENT(._device.static.*_??_*)))
 ._device.static.1_40_
                0x0000000000008b04       0x14 zephyr/drivers/pinctrl/libdrivers__pinctrl.a(pinctrl_ti_k3.c.obj)
                0x0000000000008b04                __device_dts_ord_10
 ._device.static.1_50_
                0x0000000000008b18       0x14 zephyr/drivers/serial/libdrivers__serial.a(uart_ns16550.c.obj)
                0x0000000000008b18                __device_dts_ord_13
 ._device.static.2_40_
                0x0000000000008b2c       0x14 zephyr/drivers/gpio/libdrivers__gpio.a(gpio_davinci.c.obj)
                0x0000000000008b2c                __device_dts_ord_18
 ._device.static.3_40_
                0x0000000000008b40       0x14 zephyr/drivers/mbox/libdrivers__mbox.a(mbox_ti_omap.c.obj)
                0x0000000000008b40                __device_dts_ord_5
                0x0000000000008b54                _device_list_end = .

initlevel_error
                0x0000000000008abc        0x0
 *(SORT_BY_NAME(SORT_BY_ALIGNMENT(.z_init_[_A-Z0-9]*)))
                0x0000000000000001                ASSERT ((SIZEOF (initlevel_error) == 0x0), Undefined initialization levels used.)

app_shmem_regions
                0x0000000000008b54        0x0
                0x0000000000008b54                __app_shmem_regions_start = .
 *(SORT_BY_NAME(SORT_BY_ALIGNMENT(.app_regions.*)))
                0x0000000000008b54                __app_shmem_regions_end = .

k_p4wq_initparam_area
                0x0000000000008b54        0x0
                0x0000000000008b54                _k_p4wq_initparam_list_start = .
 *(SORT_BY_NAME(SORT_BY_ALIGNMENT(._k_p4wq_initparam.static.*)))
                0x0000000000008b54                _k_p4wq_initparam_list_end = .

_static_thread_data_area
                0x0000000000008b54        0x0
                0x0000000000008b54                __static_thread_data_list_start = .
 *(SORT_BY_NAME(SORT_BY_ALIGNMENT(.__static_thread_data.static.*)))
                0x0000000000008b54                __static_thread_data_list_end = .

device_deps     0x0000000000008b54        0x0
                0x0000000000008b54                __device_deps_start = .
 *(SORT_BY_NAME(SORT_BY_ALIGNMENT(.__device_deps_pass2*)))
                0x0000000000008b54                __device_deps_end = .

gpio_driver_api_area
                0x0000000000008b54       0x24
                0x0000000000008b54                _gpio_driver_api_list_start = .
 *(SORT_BY_NAME(SORT_BY_ALIGNMENT(._gpio_driver_api.static.*)))
 ._gpio_driver_api.static.gpio_davinci_driver_api_
                0x0000000000008b54       0x24 zephyr/drivers/gpio/libdrivers__gpio.a(gpio_davinci.c.obj)
                0x0000000000008b78                _gpio_driver_api_list_end = .

ipm_driver_api_area
                0x0000000000008b78        0x0
                0x0000000000008b78                _ipm_driver_api_list_start = .
 *(SORT_BY_NAME(SORT_BY_ALIGNMENT(._ipm_driver_api.static.*)))
                0x0000000000008b78                _ipm_driver_api_list_end = .

mbox_driver_api_area
                0x0000000000008b78        0x0
                0x0000000000008b78                _mbox_driver_api_list_start = .
 *(SORT_BY_NAME(SORT_BY_ALIGNMENT(._mbox_driver_api.static.*)))
                0x0000000000008b78                _mbox_driver_api_list_end = .

shared_irq_driver_api_area
                0x0000000000008b78        0x0
                0x0000000000008b78                _shared_irq_driver_api_list_start = .
 *(SORT_BY_NAME(SORT_BY_ALIGNMENT(._shared_irq_driver_api.static.*)))
                0x0000000000008b78                _shared_irq_driver_api_list_end = .

crypto_driver_api_area
                0x0000000000008b78        0x0
                0x0000000000008b78                _crypto_driver_api_list_start = .
 *(SORT_BY_NAME(SORT_BY_ALIGNMENT(._crypto_driver_api.static.*)))
                0x0000000000008b78                _crypto_driver_api_list_end = .

adc_driver_api_area
                0x0000000000008b78        0x0
                0x0000000000008b78                _adc_driver_api_list_start = .
 *(SORT_BY_NAME(SORT_BY_ALIGNMENT(._adc_driver_api.static.*)))
                0x0000000000008b78                _adc_driver_api_list_end = .

auxdisplay_driver_api_area
                0x0000000000008b78        0x0
                0x0000000000008b78                _auxdisplay_driver_api_list_start = .
 *(SORT_BY_NAME(SORT_BY_ALIGNMENT(._auxdisplay_driver_api.static.*)))
                0x0000000000008b78                _auxdisplay_driver_api_list_end = .

bbram_driver_api_area
                0x0000000000008b78        0x0
                0x0000000000008b78                _bbram_driver_api_list_start = .
 *(SORT_BY_NAME(SORT_BY_ALIGNMENT(._bbram_driver_api.static.*)))
                0x0000000000008b78                _bbram_driver_api_list_end = .

bt_hci_driver_api_area
                0x0000000000008b78        0x0
                0x0000000000008b78                _bt_hci_driver_api_list_start = .
 *(SORT_BY_NAME(SORT_BY_ALIGNMENT(._bt_hci_driver_api.static.*)))
                0x0000000000008b78                _bt_hci_driver_api_list_end = .

can_driver_api_area
                0x0000000000008b78        0x0
                0x0000000000008b78                _can_driver_api_list_start = .
 *(SORT_BY_NAME(SORT_BY_ALIGNMENT(._can_driver_api.static.*)))
                0x0000000000008b78                _can_driver_api_list_end = .

cellular_driver_api_area
                0x0000000000008b78        0x0
                0x0000000000008b78                _cellular_driver_api_list_start = .
 *(SORT_BY_NAME(SORT_BY_ALIGNMENT(._cellular_driver_api.static.*)))
                0x0000000000008b78                _cellular_driver_api_list_end = .

charger_driver_api_area
                0x0000000000008b78        0x0
                0x0000000000008b78                _charger_driver_api_list_start = .
 *(SORT_BY_NAME(SORT_BY_ALIGNMENT(._charger_driver_api.static.*)))
                0x0000000000008b78                _charger_driver_api_list_end = .

clock_control_driver_api_area
                0x0000000000008b78        0x0
                0x0000000000008b78                _clock_control_driver_api_list_start = .
 *(SORT_BY_NAME(SORT_BY_ALIGNMENT(._clock_control_driver_api.static.*)))
                0x0000000000008b78                _clock_control_driver_api_list_end = .

comparator_driver_api_area
                0x0000000000008b78        0x0
                0x0000000000008b78                _comparator_driver_api_list_start = .
 *(SORT_BY_NAME(SORT_BY_ALIGNMENT(._comparator_driver_api.static.*)))
                0x0000000000008b78                _comparator_driver_api_list_end = .

coredump_driver_api_area
                0x0000000000008b78        0x0
                0x0000000000008b78                _coredump_driver_api_list_start = .
 *(SORT_BY_NAME(SORT_BY_ALIGNMENT(._coredump_driver_api.static.*)))
                0x0000000000008b78                _coredump_driver_api_list_end = .

counter_driver_api_area
                0x0000000000008b78        0x0
                0x0000000000008b78                _counter_driver_api_list_start = .
 *(SORT_BY_NAME(SORT_BY_ALIGNMENT(._counter_driver_api.static.*)))
                0x0000000000008b78                _counter_driver_api_list_end = .

dac_driver_api_area
                0x0000000000008b78        0x0
                0x0000000000008b78                _dac_driver_api_list_start = .
 *(SORT_BY_NAME(SORT_BY_ALIGNMENT(._dac_driver_api.static.*)))
                0x0000000000008b78                _dac_driver_api_list_end = .

dai_driver_api_area
                0x0000000000008b78        0x0
                0x0000000000008b78                _dai_driver_api_list_start = .
 *(SORT_BY_NAME(SORT_BY_ALIGNMENT(._dai_driver_api.static.*)))
                0x0000000000008b78                _dai_driver_api_list_end = .

display_driver_api_area
                0x0000000000008b78        0x0
                0x0000000000008b78                _display_driver_api_list_start = .
 *(SORT_BY_NAME(SORT_BY_ALIGNMENT(._display_driver_api.static.*)))
                0x0000000000008b78                _display_driver_api_list_end = .

dma_driver_api_area
                0x0000000000008b78        0x0
                0x0000000000008b78                _dma_driver_api_list_start = .
 *(SORT_BY_NAME(SORT_BY_ALIGNMENT(._dma_driver_api.static.*)))
                0x0000000000008b78                _dma_driver_api_list_end = .

edac_driver_api_area
                0x0000000000008b78        0x0
                0x0000000000008b78                _edac_driver_api_list_start = .
 *(SORT_BY_NAME(SORT_BY_ALIGNMENT(._edac_driver_api.static.*)))
                0x0000000000008b78                _edac_driver_api_list_end = .

eeprom_driver_api_area
                0x0000000000008b78        0x0
                0x0000000000008b78                _eeprom_driver_api_list_start = .
 *(SORT_BY_NAME(SORT_BY_ALIGNMENT(._eeprom_driver_api.static.*)))
                0x0000000000008b78                _eeprom_driver_api_list_end = .

emul_bbram_driver_api_area
                0x0000000000008b78        0x0
                0x0000000000008b78                _emul_bbram_driver_api_list_start = .
 *(SORT_BY_NAME(SORT_BY_ALIGNMENT(._emul_bbram_driver_api.static.*)))
                0x0000000000008b78                _emul_bbram_driver_api_list_end = .

fuel_gauge_emul_driver_api_area
                0x0000000000008b78        0x0
                0x0000000000008b78                _fuel_gauge_emul_driver_api_list_start = .
 *(SORT_BY_NAME(SORT_BY_ALIGNMENT(._fuel_gauge_emul_driver_api.static.*)))
                0x0000000000008b78                _fuel_gauge_emul_driver_api_list_end = .

emul_sensor_driver_api_area
                0x0000000000008b78        0x0
                0x0000000000008b78                _emul_sensor_driver_api_list_start = .
 *(SORT_BY_NAME(SORT_BY_ALIGNMENT(._emul_sensor_driver_api.static.*)))
                0x0000000000008b78                _emul_sensor_driver_api_list_end = .

entropy_driver_api_area
                0x0000000000008b78        0x0
                0x0000000000008b78                _entropy_driver_api_list_start = .
 *(SORT_BY_NAME(SORT_BY_ALIGNMENT(._entropy_driver_api.static.*)))
                0x0000000000008b78                _entropy_driver_api_list_end = .

espi_driver_api_area
                0x0000000000008b78        0x0
                0x0000000000008b78                _espi_driver_api_list_start = .
 *(SORT_BY_NAME(SORT_BY_ALIGNMENT(._espi_driver_api.static.*)))
                0x0000000000008b78                _espi_driver_api_list_end = .

espi_saf_driver_api_area
                0x0000000000008b78        0x0
                0x0000000000008b78                _espi_saf_driver_api_list_start = .
 *(SORT_BY_NAME(SORT_BY_ALIGNMENT(._espi_saf_driver_api.static.*)))
                0x0000000000008b78                _espi_saf_driver_api_list_end = .

flash_driver_api_area
                0x0000000000008b78        0x0
                0x0000000000008b78                _flash_driver_api_list_start = .
 *(SORT_BY_NAME(SORT_BY_ALIGNMENT(._flash_driver_api.static.*)))
                0x0000000000008b78                _flash_driver_api_list_end = .

fpga_driver_api_area
                0x0000000000008b78        0x0
                0x0000000000008b78                _fpga_driver_api_list_start = .
 *(SORT_BY_NAME(SORT_BY_ALIGNMENT(._fpga_driver_api.static.*)))
                0x0000000000008b78                _fpga_driver_api_list_end = .

fuel_gauge_driver_api_area
                0x0000000000008b78        0x0
                0x0000000000008b78                _fuel_gauge_driver_api_list_start = .
 *(SORT_BY_NAME(SORT_BY_ALIGNMENT(._fuel_gauge_driver_api.static.*)))
                0x0000000000008b78                _fuel_gauge_driver_api_list_end = .

gnss_driver_api_area
                0x0000000000008b78        0x0
                0x0000000000008b78                _gnss_driver_api_list_start = .
 *(SORT_BY_NAME(SORT_BY_ALIGNMENT(._gnss_driver_api.static.*)))
                0x0000000000008b78                _gnss_driver_api_list_end = .

haptics_driver_api_area
                0x0000000000008b78        0x0
                0x0000000000008b78                _haptics_driver_api_list_start = .
 *(SORT_BY_NAME(SORT_BY_ALIGNMENT(._haptics_driver_api.static.*)))
                0x0000000000008b78                _haptics_driver_api_list_end = .

hwspinlock_driver_api_area
                0x0000000000008b78        0x0
                0x0000000000008b78                _hwspinlock_driver_api_list_start = .
 *(SORT_BY_NAME(SORT_BY_ALIGNMENT(._hwspinlock_driver_api.static.*)))
                0x0000000000008b78                _hwspinlock_driver_api_list_end = .

i2c_driver_api_area
                0x0000000000008b78        0x0
                0x0000000000008b78                _i2c_driver_api_list_start = .
 *(SORT_BY_NAME(SORT_BY_ALIGNMENT(._i2c_driver_api.static.*)))
                0x0000000000008b78                _i2c_driver_api_list_end = .

i2c_target_driver_api_area
                0x0000000000008b78        0x0
                0x0000000000008b78                _i2c_target_driver_api_list_start = .
 *(SORT_BY_NAME(SORT_BY_ALIGNMENT(._i2c_target_driver_api.static.*)))
                0x0000000000008b78                _i2c_target_driver_api_list_end = .

i2s_driver_api_area
                0x0000000000008b78        0x0
                0x0000000000008b78                _i2s_driver_api_list_start = .
 *(SORT_BY_NAME(SORT_BY_ALIGNMENT(._i2s_driver_api.static.*)))
                0x0000000000008b78                _i2s_driver_api_list_end = .

i3c_driver_api_area
                0x0000000000008b78        0x0
                0x0000000000008b78                _i3c_driver_api_list_start = .
 *(SORT_BY_NAME(SORT_BY_ALIGNMENT(._i3c_driver_api.static.*)))
                0x0000000000008b78                _i3c_driver_api_list_end = .

kscan_driver_api_area
                0x0000000000008b78        0x0
                0x0000000000008b78                _kscan_driver_api_list_start = .
 *(SORT_BY_NAME(SORT_BY_ALIGNMENT(._kscan_driver_api.static.*)))
                0x0000000000008b78                _kscan_driver_api_list_end = .

led_driver_api_area
                0x0000000000008b78        0x0
                0x0000000000008b78                _led_driver_api_list_start = .
 *(SORT_BY_NAME(SORT_BY_ALIGNMENT(._led_driver_api.static.*)))
                0x0000000000008b78                _led_driver_api_list_end = .

led_strip_driver_api_area
                0x0000000000008b78        0x0
                0x0000000000008b78                _led_strip_driver_api_list_start = .
 *(SORT_BY_NAME(SORT_BY_ALIGNMENT(._led_strip_driver_api.static.*)))
                0x0000000000008b78                _led_strip_driver_api_list_end = .

lora_driver_api_area
                0x0000000000008b78        0x0
                0x0000000000008b78                _lora_driver_api_list_start = .
 *(SORT_BY_NAME(SORT_BY_ALIGNMENT(._lora_driver_api.static.*)))
                0x0000000000008b78                _lora_driver_api_list_end = .

mdio_driver_api_area
                0x0000000000008b78        0x0
                0x0000000000008b78                _mdio_driver_api_list_start = .
 *(SORT_BY_NAME(SORT_BY_ALIGNMENT(._mdio_driver_api.static.*)))
                0x0000000000008b78                _mdio_driver_api_list_end = .

mipi_dbi_driver_api_area
                0x0000000000008b78        0x0
                0x0000000000008b78                _mipi_dbi_driver_api_list_start = .
 *(SORT_BY_NAME(SORT_BY_ALIGNMENT(._mipi_dbi_driver_api.static.*)))
                0x0000000000008b78                _mipi_dbi_driver_api_list_end = .

mipi_dsi_driver_api_area
                0x0000000000008b78        0x0
                0x0000000000008b78                _mipi_dsi_driver_api_list_start = .
 *(SORT_BY_NAME(SORT_BY_ALIGNMENT(._mipi_dsi_driver_api.static.*)))
                0x0000000000008b78                _mipi_dsi_driver_api_list_end = .

mspi_driver_api_area
                0x0000000000008b78        0x0
                0x0000000000008b78                _mspi_driver_api_list_start = .
 *(SORT_BY_NAME(SORT_BY_ALIGNMENT(._mspi_driver_api.static.*)))
                0x0000000000008b78                _mspi_driver_api_list_end = .

peci_driver_api_area
                0x0000000000008b78        0x0
                0x0000000000008b78                _peci_driver_api_list_start = .
 *(SORT_BY_NAME(SORT_BY_ALIGNMENT(._peci_driver_api.static.*)))
                0x0000000000008b78                _peci_driver_api_list_end = .

ps2_driver_api_area
                0x0000000000008b78        0x0
                0x0000000000008b78                _ps2_driver_api_list_start = .
 *(SORT_BY_NAME(SORT_BY_ALIGNMENT(._ps2_driver_api.static.*)))
                0x0000000000008b78                _ps2_driver_api_list_end = .

ptp_clock_driver_api_area
                0x0000000000008b78        0x0
                0x0000000000008b78                _ptp_clock_driver_api_list_start = .
 *(SORT_BY_NAME(SORT_BY_ALIGNMENT(._ptp_clock_driver_api.static.*)))
                0x0000000000008b78                _ptp_clock_driver_api_list_end = .

pwm_driver_api_area
                0x0000000000008b78        0x0
                0x0000000000008b78                _pwm_driver_api_list_start = .
 *(SORT_BY_NAME(SORT_BY_ALIGNMENT(._pwm_driver_api.static.*)))
                0x0000000000008b78                _pwm_driver_api_list_end = .

regulator_parent_driver_api_area
                0x0000000000008b78        0x0
                0x0000000000008b78                _regulator_parent_driver_api_list_start = .
 *(SORT_BY_NAME(SORT_BY_ALIGNMENT(._regulator_parent_driver_api.static.*)))
                0x0000000000008b78                _regulator_parent_driver_api_list_end = .

regulator_driver_api_area
                0x0000000000008b78        0x0
                0x0000000000008b78                _regulator_driver_api_list_start = .
 *(SORT_BY_NAME(SORT_BY_ALIGNMENT(._regulator_driver_api.static.*)))
                0x0000000000008b78                _regulator_driver_api_list_end = .

reset_driver_api_area
                0x0000000000008b78        0x0
                0x0000000000008b78                _reset_driver_api_list_start = .
 *(SORT_BY_NAME(SORT_BY_ALIGNMENT(._reset_driver_api.static.*)))
                0x0000000000008b78                _reset_driver_api_list_end = .

retained_mem_driver_api_area
                0x0000000000008b78        0x0
                0x0000000000008b78                _retained_mem_driver_api_list_start = .
 *(SORT_BY_NAME(SORT_BY_ALIGNMENT(._retained_mem_driver_api.static.*)))
                0x0000000000008b78                _retained_mem_driver_api_list_end = .

rtc_driver_api_area
                0x0000000000008b78        0x0
                0x0000000000008b78                _rtc_driver_api_list_start = .
 *(SORT_BY_NAME(SORT_BY_ALIGNMENT(._rtc_driver_api.static.*)))
                0x0000000000008b78                _rtc_driver_api_list_end = .

sdhc_driver_api_area
                0x0000000000008b78        0x0
                0x0000000000008b78                _sdhc_driver_api_list_start = .
 *(SORT_BY_NAME(SORT_BY_ALIGNMENT(._sdhc_driver_api.static.*)))
                0x0000000000008b78                _sdhc_driver_api_list_end = .

sensor_driver_api_area
                0x0000000000008b78        0x0
                0x0000000000008b78                _sensor_driver_api_list_start = .
 *(SORT_BY_NAME(SORT_BY_ALIGNMENT(._sensor_driver_api.static.*)))
                0x0000000000008b78                _sensor_driver_api_list_end = .

smbus_driver_api_area
                0x0000000000008b78        0x0
                0x0000000000008b78                _smbus_driver_api_list_start = .
 *(SORT_BY_NAME(SORT_BY_ALIGNMENT(._smbus_driver_api.static.*)))
                0x0000000000008b78                _smbus_driver_api_list_end = .

spi_driver_api_area
                0x0000000000008b78        0x0
                0x0000000000008b78                _spi_driver_api_list_start = .
 *(SORT_BY_NAME(SORT_BY_ALIGNMENT(._spi_driver_api.static.*)))
                0x0000000000008b78                _spi_driver_api_list_end = .

stepper_driver_api_area
                0x0000000000008b78        0x0
                0x0000000000008b78                _stepper_driver_api_list_start = .
 *(SORT_BY_NAME(SORT_BY_ALIGNMENT(._stepper_driver_api.static.*)))
                0x0000000000008b78                _stepper_driver_api_list_end = .

syscon_driver_api_area
                0x0000000000008b78        0x0
                0x0000000000008b78                _syscon_driver_api_list_start = .
 *(SORT_BY_NAME(SORT_BY_ALIGNMENT(._syscon_driver_api.static.*)))
                0x0000000000008b78                _syscon_driver_api_list_end = .
